1:'0' goes '5'	2:'X' goes '5'	3:'0' goes '5'	4:'X' goes '5'	5:'0' goes '3'	6:'X' goes '4'	7:'0' goes '4'	8:'X' goes '5'	9:'0' goes '5'	10:'X' goes '1'	11:'0' goes '5'	12:'X' goes '5'	13:'0' goes '4'	14:'X' goes '4'	15:'0' goes '3'	16:'X' goes '3'	17:'0' goes '3'	18:'X' goes '4'	19:'0' goes '4'	20:'X' goes '3'	21:'0' goes '3'	22:'X' goes '1'	23:'0' goes '1'	24:'X' goes '7'	25:'0' goes '3'	26:'X' goes '4'	27:'0' goes '3'	28:'X' goes '7'	29:'0' goes '7'	30:'X' goes '4'	31:'0' goes '7'	32:'X' goes '7'	33:'0' goes '1'	34:'X' goes '1'	35:'0' goes '7'	36:'X' goes '1'	37:'0' goes '1'	38:'X' goes '6'	39:'0' goes '7'	40:'X' goes '7'	41:'0' goes '1'	42:'X' goes '2'	43:'0' goes '2'	44:'X' goes '2'	45:'0' goes '8'	46:'X' goes '8'	47:'0' goes '6'	48:'X' goes '6'	
 1 2 3 4 5 6 7 8
|0| |0|X|X| |X| |
|0| |0|X|0| |0| |
|X| |0|0|0| |0| |
|X| |X|X|X| |X| |
|0| |0|X|X| |0| |
|0|X|X|0|0|X|0| |
|X|0|0|0|X|0|X|X|
|X|X|0|X|0|X|X|0|
Game is over, stars are gone.
Exit from debug mode ...
1:'X' goes '6'	2:'0' goes '6'	3:'X' goes '1'	4:'0' goes '6'	5:'X' goes '6'	6:'0' goes '1'	7:'X' goes '6'	8:'0' goes '6'	9:'X' goes '6'	10:'0' goes '1'	11:'X' goes '1'	12:'0' goes '1'	13:'X' goes '6'	14:'0' goes '1'	15:'X' goes '1'	16:'0' goes '1'	17:'X' goes '5'	18:'0' goes '7'	19:'X' goes '4'	20:'0' goes '3'	21:'X' goes '5'	22:'0' goes '5'	23:'X' goes '7'	24:'0' goes '7'	25:'X' goes '7'	26:'0' goes '4'	27:'X' goes '4'	28:'0' goes '4'	
 1 2 3 4 5 6 7 8
|0| |+|+| |X| |+|
|X| |+|+| |X| |+|
|0| |+| | |0| |+|
|0| | | | |X| | |
|X| | |0| |X|X| |
|0| | |X|0|0|0| |
|0| | |0|X|0|X| |
|X| |0|X|X|X|0| |
Game is over, stars are gone.
Exit from debug mode ...
1:'X' goes '5'	2:'0' goes '5'	3:'X' goes '5'	4:'0' goes '5'	5:'X' goes '5'	6:'0' goes '5'	7:'X' goes '3'	8:'0' goes '4'	9:'X' goes '4'	10:'0' goes '5'	11:'X' goes '5'	12:'0' goes '4'	13:'X' goes '3'	14:'0' goes '3'	15:'X' goes '4'	16:'0' goes '3'	17:'X' goes '6'	18:'0' goes '3'	19:'X' goes '3'	20:'0' goes '7'	21:'X' goes '3'	22:'0' goes '3'	23:'X' goes '6'	24:'0' goes '7'	25:'X' goes '7'	26:'0' goes '8'	27:'X' goes '6'	28:'0' goes '6'	29:'X' goes '8'	30:'0' goes '8'	31:'X' goes '8'	
 1 2 3 4 5 6 7 8
|+| |0| |X| |+|+|
|+| |X| |0| |+|+|
|+| |X| |0| |+| |
| | |0| |X| | | |
| | |0|X|0|0| |X|
| | |0|0|X|X|X|0|
| | |X|X|0|X|0|X|
| | |X|0|X|X|0|0|
Game is over, stars are gone.
Exit from debug mode ...
1:'X' goes '3'	2:'0' goes '3'	3:'X' goes '1'	4:'0' goes '2'	5:'X' goes '1'	6:'0' goes '1'	7:'X' goes '6'	8:'0' goes '3'	9:'X' goes '3'	10:'0' goes '2'	11:'X' goes '2'	12:'0' goes '1'	13:'X' goes '1'	14:'0' goes '1'	15:'X' goes '3'	16:'0' goes '3'	17:'X' goes '6'	18:'0' goes '6'	19:'X' goes '2'	20:'0' goes '2'	21:'X' goes '2'	22:'0' goes '1'	23:'X' goes '3'	24:'0' goes '1'	25:'X' goes '2'	26:'0' goes '2'	27:'X' goes '3'	28:'0' goes '6'	29:'X' goes '6'	30:'0' goes '4'	31:'X' goes '4'	32:'0' goes '4'	33:'X' goes '4'	34:'0' goes '4'	35:'X' goes '6'	36:'0' goes '6'	37:'X' goes '6'	38:'0' goes '5'	39:'X' goes '8'	40:'0' goes '8'	41:'X' goes '8'	42:'0' goes '8'	43:'X' goes '8'	44:'0' goes '8'	45:'X' goes '8'	46:'0' goes '8'	47:'X' goes '7'	48:'0' goes '7'	49:'X' goes '7'	50:'0' goes '7'	51:'X' goes '5'	52:'0' goes '5'	
 1 2 3 4 5 6 7 8
|0|0|X| | |X| |0|
|0|X|X| | |0| |X|
|0|X|0| | |X| |0|
|X|0|X|0| |X| |X|
|0|X|X|X| |0|0|0|
|0|X|0|0|0|0|X|X|
|X|0|0|X|X|X|0|0|
|X|0|X|0|0|X|X|X|
Game is over, stars are gone.
Exit from debug mode ...
1:'X' goes '5'	2:'0' goes '5'	3:'X' goes '5'	4:'0' goes '5'	5:'X' goes '6'	6:'0' goes '7'	7:'X' goes '4'	8:'0' goes '3'	9:'X' goes '4'	10:'0' goes '4'	11:'X' goes '3'	12:'0' goes '3'	13:'X' goes '3'	14:'0' goes '7'	15:'X' goes '7'	16:'0' goes '6'	17:'X' goes '6'	18:'0' goes '6'	19:'X' goes '7'	20:'0' goes '6'	21:'X' goes '6'	22:'0' goes '5'	23:'X' goes '5'	24:'0' goes '7'	25:'X' goes '7'	26:'0' goes '5'	27:'X' goes '7'	28:'0' goes '7'	29:'X' goes '6'	30:'0' goes '6'	31:'X' goes '3'	32:'0' goes '5'	33:'X' goes '3'	34:'0' goes '3'	35:'X' goes '3'	36:'0' goes '1'	37:'X' goes '1'	38:'0' goes '8'	39:'X' goes '8'	40:'0' goes '8'	41:'X' goes '1'	42:'0' goes '1'	43:'X' goes '1'	44:'0' goes '1'	45:'X' goes '1'	46:'0' goes '1'	47:'X' goes '8'	48:'0' goes '8'	
 1 2 3 4 5 6 7 8
|0| |X| |0|0|0| |
|X| |0| |0|X|X| |
|0| |X| |X|X|X| |
|X| |X| |0|0|0|0|
|0| |X| |0|0|X|X|
|X| |0|0|X|X|X|0|
|X| |X|X|0|0|0|X|
|0| |0|X|X|X|0|0|
Game is over, stars are gone.
Exit from debug mode ...
1:'X' goes '4'	2:'0' goes '4'	3:'X' goes '4'	4:'0' goes '4'	5:'X' goes '3'	6:'0' goes '2'	7:'X' goes '5'	8:'0' goes '6'	9:'X' goes '5'	10:'0' goes '5'	11:'X' goes '6'	12:'0' goes '6'	13:'X' goes '3'	14:'0' goes '3'	15:'X' goes '5'	16:'0' goes '2'	17:'X' goes '5'	18:'0' goes '1'	
 1 2 3 4 5 6 7 8
|+|+|+|+|+|+|+|+|
|+|+|+|+| |+|+|+|
|+|+|+| | | |+|+|
|+|+| | |X| |+|+|
| | | |0|X| | |+|
| | |0|X|0|0| |+|
| |0|X|0|X|X| | |
|0|0|X|X|X|0| | |
Game is over, stars are gone.
Exit from debug mode ...
1:'X' goes '2'	2:'0' goes '2'	3:'X' goes '2'	4:'0' goes '2'	5:'X' goes '2'	6:'0' goes '2'	7:'X' goes '2'	8:'0' goes '2'	9:'X' goes '1'	10:'0' goes '3'	11:'X' goes '1'	12:'0' goes '1'	13:'X' goes '5'	14:'0' goes '1'	15:'X' goes '1'	16:'0' goes '3'	17:'X' goes '3'	18:'0' goes '3'	19:'X' goes '3'	20:'0' goes '3'	21:'X' goes '1'	22:'0' goes '1'	23:'X' goes '5'	24:'0' goes '5'	25:'X' goes '3'	26:'0' goes '5'	27:'X' goes '5'	28:'0' goes '1'	29:'X' goes '5'	30:'0' goes '5'	31:'X' goes '3'	32:'0' goes '5'	33:'X' goes '7'	34:'0' goes '6'	35:'X' goes '7'	36:'0' goes '7'	37:'X' goes '6'	38:'0' goes '6'	39:'X' goes '7'	40:'0' goes '6'	41:'X' goes '6'	42:'0' goes '7'	43:'X' goes '8'	44:'0' goes '8'	45:'X' goes '8'	
 1 2 3 4 5 6 7 8
|0|0|X| |0| |+|+|
|0|X|X| |0| | | |
|X|0|0| |X| | | |
|X|X|X| |X|X|0| |
|0|0|0| |0|0|X| |
|0|X|X| |0|0|0|X|
|X|0|0| |X|X|X|0|
|X|X|0| |X|0|X|X|
Game is over, stars are gone.
Exit from debug mode ...
1:'X' goes '4'	2:'0' goes '5'	3:'X' goes '5'	4:'0' goes '5'	5:'X' goes '4'	6:'0' goes '4'	7:'X' goes '8'	8:'0' goes '5'	9:'X' goes '5'	10:'0' goes '4'	11:'X' goes '4'	12:'0' goes '4'	13:'X' goes '8'	14:'0' goes '8'	15:'X' goes '5'	16:'0' goes '5'	17:'X' goes '5'	18:'0' goes '8'	19:'X' goes '8'	20:'0' goes '4'	21:'X' goes '4'	22:'0' goes '8'	23:'X' goes '8'	24:'0' goes '8'	25:'X' goes '1'	26:'0' goes '1'	27:'X' goes '1'	28:'0' goes '1'	29:'X' goes '1'	30:'0' goes '1'	31:'X' goes '1'	32:'0' goes '1'	33:'X' goes '2'	34:'0' goes '3'	35:'X' goes '3'	36:'0' goes '2'	37:'X' goes '2'	38:'0' goes '2'	39:'X' goes '2'	40:'0' goes '2'	41:'X' goes '2'	42:'0' goes '7'	43:'X' goes '2'	44:'0' goes '7'	45:'X' goes '7'	46:'0' goes '7'	47:'X' goes '7'	48:'0' goes '7'	49:'X' goes '7'	50:'0' goes '7'	51:'X' goes '3'	52:'0' goes '3'	
 1 2 3 4 5 6 7 8
|0|X| |X|X| |0|0|
|X|X| |0|0| |X|X|
|0|0| |0|X| |0|0|
|X|X| |X|X| |X|X|
|0|0|0|0|0| |0|0|
|X|X|X|0|0| |X|0|
|0|0|X|X|X| |0|X|
|X|X|0|X|0| |0|X|
Game is over, stars are gone.
Exit from debug mode ...
1:'X' goes '1'	2:'0' goes '1'	3:'X' goes '1'	4:'0' goes '4'	5:'X' goes '1'	6:'0' goes '1'	7:'X' goes '5'	8:'0' goes '1'	9:'X' goes '1'	10:'0' goes '4'	11:'X' goes '4'	12:'0' goes '6'	13:'X' goes '4'	14:'0' goes '4'	15:'X' goes '1'	16:'0' goes '4'	17:'X' goes '4'	18:'0' goes '6'	19:'X' goes '6'	20:'0' goes '5'	21:'X' goes '5'	22:'0' goes '4'	23:'X' goes '5'	24:'0' goes '5'	25:'X' goes '6'	26:'0' goes '6'	27:'X' goes '6'	28:'0' goes '5'	29:'X' goes '5'	30:'0' goes '6'	31:'X' goes '5'	32:'0' goes '6'	33:'X' goes '8'	34:'0' goes '2'	35:'X' goes '8'	36:'0' goes '8'	37:'X' goes '2'	38:'0' goes '8'	39:'X' goes '8'	40:'0' goes '8'	41:'X' goes '2'	42:'0' goes '2'	43:'X' goes '2'	44:'0' goes '3'	45:'X' goes '3'	46:'0' goes '3'	
 1 2 3 4 5 6 7 8
|X| | |0|X|0| | |
|X| | |X|X|0| | |
|0| | |0|0|X| |0|
|0|X| |0|0|0| |X|
|X|0| |X|X|X| |0|
|X|X|0|X|X|X| |0|
|0|X|X|0|0|0| |X|
|X|0|0|0|X|0| |X|
Game is over, stars are gone.
Exit from debug mode ...
1:'X' goes '5'	2:'0' goes '2'	3:'X' goes '5'	4:'0' goes '5'	5:'X' goes '2'	6:'0' goes '5'	7:'X' goes '5'	8:'0' goes '2'	9:'X' goes '5'	10:'0' goes '5'	11:'X' goes '5'	12:'0' goes '2'	13:'X' goes '2'	14:'0' goes '2'	15:'X' goes '8'	16:'0' goes '2'	17:'X' goes '2'	18:'0' goes '7'	19:'X' goes '8'	20:'0' goes '8'	21:'X' goes '8'	22:'0' goes '7'	23:'X' goes '7'	24:'0' goes '7'	25:'X' goes '8'	26:'0' goes '7'	27:'X' goes '8'	28:'0' goes '8'	29:'X' goes '7'	30:'0' goes '8'	31:'X' goes '6'	32:'0' goes '6'	33:'X' goes '6'	34:'0' goes '6'	35:'X' goes '6'	36:'0' goes '6'	37:'X' goes '6'	
 1 2 3 4 5 6 7 8
| |X| | |X| | |0|
| |0| | |0|X| |0|
| |0| | |X|0|X|X|
| |X| | |X|X|0|X|
| |0| | |0|0|0|X|
| |0| | |0|X|X|0|
| |X| | |X|0|0|X|
| |0| | |X|X|0|X|
Game is over, stars are gone.
Exit from debug mode ...
1:'X' goes '2'	2:'0' goes '2'	3:'X' goes '2'	4:'0' goes '2'	5:'X' goes '2'	6:'0' goes '5'	7:'X' goes '2'	8:'0' goes '2'	9:'X' goes '5'	10:'0' goes '2'	11:'X' goes '5'	12:'0' goes '5'	13:'X' goes '6'	14:'0' goes '5'	15:'X' goes '5'	16:'0' goes '1'	17:'X' goes '6'	18:'0' goes '6'	19:'X' goes '7'	20:'0' goes '7'	21:'X' goes '8'	22:'0' goes '1'	23:'X' goes '1'	24:'0' goes '7'	25:'X' goes '7'	26:'0' goes '6'	27:'X' goes '8'	28:'0' goes '6'	29:'X' goes '6'	30:'0' goes '8'	31:'X' goes '5'	32:'0' goes '7'	33:'X' goes '7'	34:'0' goes '5'	35:'X' goes '6'	36:'0' goes '7'	37:'X' goes '6'	38:'0' goes '7'	39:'X' goes '1'	40:'0' goes '1'	41:'X' goes '1'	42:'0' goes '1'	43:'X' goes '1'	44:'0' goes '8'	45:'X' goes '8'	46:'0' goes '8'	47:'X' goes '3'	48:'0' goes '3'	49:'X' goes '3'	50:'0' goes '4'	51:'X' goes '4'	52:'0' goes '4'	
 1 2 3 4 5 6 7 8
|X|0| | |0|X|0| |
|0|0| | |X|X|0| |
|X|X| | |X|X|X|0|
|0|X| | |0|0|0|X|
|X|0| | |0|0|X|0|
|X|X|X|0|X|0|0|0|
|0|0|0|X|X|X|0|X|
|0|X|X|0|0|X|X|X|
Game is over, stars are gone.
Exit from debug mode ...
1:'X' goes '2'	2:'0' goes '2'	3:'X' goes '2'	4:'0' goes '2'	5:'X' goes '6'	6:'0' goes '2'	7:'X' goes '2'	8:'0' goes '6'	9:'X' goes '2'	10:'0' goes '2'	11:'X' goes '7'	12:'0' goes '5'	13:'X' goes '7'	14:'0' goes '7'	15:'X' goes '6'	16:'0' goes '8'	17:'X' goes '6'	18:'0' goes '6'	19:'X' goes '6'	20:'0' goes '7'	21:'X' goes '7'	22:'0' goes '8'	23:'X' goes '6'	24:'0' goes '8'	25:'X' goes '8'	26:'0' goes '6'	27:'X' goes '8'	28:'0' goes '8'	29:'X' goes '7'	30:'0' goes '7'	31:'X' goes '5'	32:'0' goes '5'	33:'X' goes '5'	34:'0' goes '8'	35:'X' goes '8'	36:'0' goes '7'	37:'X' goes '3'	38:'0' goes '4'	39:'X' goes '3'	40:'0' goes '3'	41:'X' goes '4'	42:'0' goes '4'	43:'X' goes '4'	44:'0' goes '4'	45:'X' goes '3'	
 1 2 3 4 5 6 7 8
| |0| | | |0|0|X|
| |X| | | |X|0|0|
| |X| | | |X|X|0|
| |0| |0| |0|X|X|
| |0|X|X|X|X|0|X|
| |X|0|0|0|X|0|0|
| |0|X|X|X|0|X|0|
| |X|X|0|0|X|X|0|
Game is over, stars are gone.
Exit from debug mode ...
1:'X' goes '4'	2:'0' goes '4'	3:'X' goes '4'	4:'0' goes '7'	5:'X' goes '4'	6:'0' goes '4'	7:'X' goes '7'	8:'0' goes '4'	9:'X' goes '4'	10:'0' goes '1'	11:'X' goes '4'	12:'0' goes '1'	13:'X' goes '1'	14:'0' goes '2'	15:'X' goes '7'	16:'0' goes '7'	17:'X' goes '1'	18:'0' goes '1'	19:'X' goes '1'	20:'0' goes '2'	21:'X' goes '2'	22:'0' goes '7'	23:'X' goes '7'	24:'0' goes '7'	25:'X' goes '2'	26:'0' goes '2'	27:'X' goes '1'	28:'0' goes '1'	29:'X' goes '2'	30:'0' goes '7'	31:'X' goes '2'	32:'0' goes '2'	33:'X' goes '5'	34:'0' goes '6'	35:'X' goes '6'	36:'0' goes '5'	37:'X' goes '5'	38:'0' goes '6'	39:'X' goes '5'	40:'0' goes '5'	41:'X' goes '8'	42:'0' goes '5'	43:'X' goes '5'	44:'0' goes '8'	45:'X' goes '5'	46:'0' goes '3'	47:'X' goes '3'	
 1 2 3 4 5 6 7 8
|0|0| |X|X| |0| |
|X|X| |X|X| |0| |
|X|X| |0|0| |X| |
|0|0| |0|0| |0| |
|X|X| |X|X| |0| |
|X|X| |X|X|0|X| |
|0|0|X|0|0|X|X|0|
|0|0|0|X|X|0|0|X|
Game is over, stars are gone.
Exit from debug mode ...
1:'X' goes '4'	2:'0' goes '4'	3:'X' goes '4'	4:'0' goes '4'	5:'X' goes '6'	6:'0' goes '5'	7:'X' goes '5'	8:'0' goes '4'	9:'X' goes '4'	10:'0' goes '4'	11:'X' goes '6'	12:'0' goes '6'	13:'X' goes '5'	14:'0' goes '5'	15:'X' goes '6'	16:'0' goes '5'	17:'X' goes '5'	18:'0' goes '4'	19:'X' goes '6'	20:'0' goes '6'	21:'X' goes '5'	22:'0' goes '5'	23:'X' goes '6'	24:'0' goes '6'	25:'X' goes '2'	26:'0' goes '3'	27:'X' goes '2'	28:'0' goes '2'	29:'X' goes '2'	30:'0' goes '2'	31:'X' goes '2'	32:'0' goes '2'	33:'X' goes '8'	34:'0' goes '2'	35:'X' goes '8'	36:'0' goes '8'	37:'X' goes '8'	38:'0' goes '1'	39:'X' goes '1'	40:'0' goes '1'	41:'X' goes '8'	42:'0' goes '8'	43:'X' goes '1'	44:'0' goes '8'	45:'X' goes '8'	46:'0' goes '1'	47:'X' goes '1'	48:'0' goes '1'	49:'X' goes '1'	50:'0' goes '3'	51:'X' goes '3'	52:'0' goes '3'	53:'X' goes '3'	
 1 2 3 4 5 6 7 8
|X|0| |0|0|0| |X|
|0|0| |0|X|X| |0|
|X|X| |X|X|0| |0|
|0|0|X|0|0|X| |X|
|X|X|0|0|0|X| |X|
|0|0|X|X|X|0| |0|
|X|X|0|0|X|X| |X|
|0|X|0|X|0|X| |X|
Game is over, stars are gone.
Exit from debug mode ...
1:'X' goes '3'	2:'0' goes '3'	3:'X' goes '3'	4:'0' goes '7'	5:'X' goes '3'	6:'0' goes '3'	7:'X' goes '2'	8:'0' goes '4'	9:'X' goes '2'	10:'0' goes '2'	11:'X' goes '1'	12:'0' goes '2'	13:'X' goes '2'	14:'0' goes '6'	15:'X' goes '5'	16:'0' goes '5'	17:'X' goes '4'	18:'0' goes '5'	19:'X' goes '5'	20:'0' goes '6'	21:'X' goes '6'	22:'0' goes '7'	23:'X' goes '7'	24:'0' goes '3'	25:'X' goes '3'	26:'0' goes '2'	27:'X' goes '6'	28:'0' goes '6'	29:'X' goes '7'	30:'0' goes '7'	31:'X' goes '5'	32:'0' goes '5'	33:'X' goes '1'	34:'0' goes '1'	35:'X' goes '1'	36:'0' goes '2'	37:'X' goes '2'	38:'0' goes '6'	39:'X' goes '5'	40:'0' goes '6'	41:'X' goes '6'	42:'0' goes '7'	43:'X' goes '5'	44:'0' goes '7'	45:'X' goes '7'	46:'0' goes '3'	47:'X' goes '1'	48:'0' goes '1'	49:'X' goes '1'	50:'0' goes '1'	51:'X' goes '4'	52:'0' goes '4'	
 1 2 3 4 5 6 7 8
|0|X|0| |X|X|X| |
|X|0|X| |X|0|0| |
|0|0|0| |0|0|0| |
|X|X|0| |X|0|0| |
|X|0|X|0|X|X|X| |
|0|0|X|X|0|X|X| |
|X|X|0|X|0|0|0| |
|X|X|X|0|X|0|0| |
Game is over, stars are gone.
Exit from debug mode ...
1:'X' goes '6'	2:'0' goes '6'	3:'X' goes '6'	4:'0' goes '6'	5:'X' goes '6'	6:'0' goes '6'	7:'X' goes '6'	8:'0' goes '6'	9:'X' goes '5'	10:'0' goes '7'	11:'X' goes '4'	12:'0' goes '3'	13:'X' goes '4'	14:'0' goes '4'	15:'X' goes '5'	16:'0' goes '5'	17:'X' goes '4'	18:'0' goes '3'	19:'X' goes '3'	20:'0' goes '5'	21:'X' goes '2'	22:'0' goes '5'	23:'X' goes '5'	24:'0' goes '4'	25:'X' goes '2'	26:'0' goes '1'	27:'X' goes '2'	28:'0' goes '2'	29:'X' goes '4'	30:'0' goes '4'	31:'X' goes '3'	32:'0' goes '3'	33:'X' goes '2'	34:'0' goes '3'	35:'X' goes '3'	36:'0' goes '1'	37:'X' goes '1'	38:'0' goes '4'	39:'X' goes '5'	40:'0' goes '5'	41:'X' goes '3'	42:'0' goes '7'	43:'X' goes '1'	44:'0' goes '1'	45:'X' goes '1'	46:'0' goes '1'	47:'X' goes '1'	48:'0' goes '2'	49:'X' goes '2'	50:'0' goes '2'	51:'X' goes '8'	52:'0' goes '8'	53:'X' goes '7'	54:'0' goes '7'	55:'X' goes '7'	56:'0' goes '7'	57:'X' goes '8'	58:'0' goes '8'	
 1 2 3 4 5 6 7 8
|X|0|X|0|0|0| | |
|0|X|X|0|X|X| | |
|X|0|0|X|X|0|0| |
|0|X|0|0|0|X|X| |
|X|0|X|X|0|0|0|0|
|X|X|X|0|0|X|X|X|
|0|X|0|X|X|0|0|0|
|0|X|0|X|X|X|0|X|
Game is over, stars are gone.
Exit from debug mode ...
1:'X' goes '4'	2:'0' goes '4'	3:'X' goes '4'	4:'0' goes '4'	5:'X' goes '4'	6:'0' goes '4'	7:'X' goes '4'	8:'0' goes '4'	9:'X' goes '1'	10:'0' goes '1'	11:'X' goes '1'	12:'0' goes '1'	13:'X' goes '1'	14:'0' goes '1'	15:'X' goes '1'	16:'0' goes '1'	17:'X' goes '5'	18:'0' goes '6'	19:'X' goes '3'	20:'0' goes '2'	21:'X' goes '5'	22:'0' goes '5'	23:'X' goes '6'	24:'0' goes '6'	25:'X' goes '6'	26:'0' goes '5'	27:'X' goes '5'	28:'0' goes '2'	29:'X' goes '3'	30:'0' goes '3'	31:'X' goes '2'	32:'0' goes '3'	33:'X' goes '2'	34:'0' goes '2'	35:'X' goes '3'	36:'0' goes '6'	37:'X' goes '3'	38:'0' goes '3'	39:'X' goes '5'	40:'0' goes '5'	41:'X' goes '5'	42:'0' goes '3'	43:'X' goes '2'	44:'0' goes '6'	45:'X' goes '6'	46:'0' goes '8'	47:'X' goes '6'	48:'0' goes '8'	49:'X' goes '8'	50:'0' goes '8'	51:'X' goes '8'	52:'0' goes '8'	53:'X' goes '8'	54:'0' goes '8'	55:'X' goes '2'	56:'0' goes '2'	
 1 2 3 4 5 6 7 8
|0|0|0|0|X|X| |0|
|X|X|0|X|0|X| |X|
|0|X|X|0|X|0| |0|
|X|0|X|X|X|0| |X|
|0|X|0|0|0|X| |0|
|X|X|0|X|0|0| |X|
|0|0|X|0|X|X| |0|
|X|0|X|X|X|0| |0|
Game is over, stars are gone.
Exit from debug mode ...
1:'X' goes '3'	2:'0' goes '3'	3:'X' goes '3'	4:'0' goes '3'	5:'X' goes '3'	6:'0' goes '4'	7:'X' goes '3'	8:'0' goes '3'	9:'X' goes '7'	10:'0' goes '3'	11:'X' goes '7'	12:'0' goes '7'	13:'X' goes '8'	14:'0' goes '6'	15:'X' goes '8'	16:'0' goes '8'	17:'X' goes '6'	18:'0' goes '6'	19:'X' goes '4'	20:'0' goes '7'	21:'X' goes '7'	22:'0' goes '8'	23:'X' goes '8'	24:'0' goes '6'	25:'X' goes '6'	26:'0' goes '7'	27:'X' goes '6'	28:'0' goes '6'	29:'X' goes '4'	30:'0' goes '4'	31:'X' goes '8'	32:'0' goes '8'	33:'X' goes '7'	34:'0' goes '8'	35:'X' goes '7'	36:'0' goes '6'	37:'X' goes '4'	38:'0' goes '4'	39:'X' goes '4'	40:'0' goes '4'	41:'X' goes '2'	42:'0' goes '2'	43:'X' goes '1'	44:'0' goes '2'	45:'X' goes '2'	46:'0' goes '5'	47:'X' goes '5'	
 1 2 3 4 5 6 7 8
|+| |0|0| |0|X|0|
|+| |0|X| |0|X|0|
| | |X|0| |X|0|X|
| | |X|X| |X|X|X|
| |X|0|0| |0|0|0|
| |0|X|X| |0|0|0|
| |0|0|X|X|X|X|X|
|X|X|X|0|0|0|X|X|
Game is over, stars are gone.
Exit from debug mode ...
1:'X' goes '1'	2:'0' goes '1'	3:'X' goes '1'	4:'0' goes '1'	5:'X' goes '1'	6:'0' goes '2'	7:'X' goes '1'	8:'0' goes '1'	9:'X' goes '2'	10:'0' goes '1'	11:'X' goes '2'	12:'0' goes '2'	13:'X' goes '2'	14:'0' goes '2'	15:'X' goes '2'	16:'0' goes '2'	17:'X' goes '8'	18:'0' goes '8'	19:'X' goes '8'	20:'0' goes '8'	21:'X' goes '8'	22:'0' goes '8'	23:'X' goes '8'	24:'0' goes '8'	25:'X' goes '5'	26:'0' goes '5'	27:'X' goes '5'	28:'0' goes '5'	29:'X' goes '5'	30:'0' goes '5'	31:'X' goes '5'	32:'0' goes '5'	33:'X' goes '6'	34:'0' goes '7'	35:'X' goes '4'	36:'0' goes '3'	37:'X' goes '6'	38:'0' goes '6'	39:'X' goes '7'	40:'0' goes '3'	41:'X' goes '3'	42:'0' goes '3'	43:'X' goes '3'	44:'0' goes '6'	45:'X' goes '6'	46:'0' goes '3'	47:'X' goes '6'	48:'0' goes '6'	49:'X' goes '3'	50:'0' goes '3'	51:'X' goes '6'	52:'0' goes '7'	53:'X' goes '7'	54:'0' goes '7'	55:'X' goes '7'	56:'0' goes '7'	57:'X' goes '7'	58:'0' goes '4'	59:'X' goes '4'	
 1 2 3 4 5 6 7 8
|0|0|0| |0|X|X|0|
|0|X|X| |X|0|0|X|
|X|0|0| |0|X|X|0|
|X|X|X| |X|X|0|X|
|0|0|0| |0|0|X|0|
|X|X|X|X|X|0|0|X|
|0|X|0|0|0|X|X|0|
|X|0|0|X|X|X|0|X|
Game is over, stars are gone.
Exit from debug mode ...
1:'X' goes '1'	2:'0' goes '1'	3:'X' goes '1'	4:'0' goes '1'	5:'X' goes '1'	6:'0' goes '1'	7:'X' goes '6'	8:'0' goes '1'	9:'X' goes '1'	10:'0' goes '6'	11:'X' goes '6'	12:'0' goes '6'	13:'X' goes '6'	14:'0' goes '6'	15:'X' goes '6'	16:'0' goes '6'	17:'X' goes '3'	18:'0' goes '4'	19:'X' goes '3'	20:'0' goes '3'	21:'X' goes '3'	22:'0' goes '4'	23:'X' goes '4'	24:'0' goes '2'	25:'X' goes '4'	26:'0' goes '4'	27:'X' goes '3'	28:'0' goes '3'	29:'X' goes '4'	30:'0' goes '2'	31:'X' goes '4'	32:'0' goes '3'	33:'X' goes '3'	34:'0' goes '4'	35:'X' goes '8'	36:'0' goes '7'	37:'X' goes '7'	38:'0' goes '7'	39:'X' goes '8'	40:'0' goes '8'	41:'X' goes '8'	42:'0' goes '7'	43:'X' goes '7'	44:'0' goes '8'	45:'X' goes '7'	46:'0' goes '7'	47:'X' goes '7'	48:'0' goes '8'	49:'X' goes '8'	50:'0' goes '8'	51:'X' goes '2'	52:'0' goes '2'	53:'X' goes '5'	54:'0' goes '5'	55:'X' goes '5'	56:'0' goes '5'	57:'X' goes '5'	58:'0' goes '5'	59:'X' goes '5'	60:'0' goes '5'	61:'X' goes '2'	62:'0' goes '2'	63:'X' goes '2'	64:'0' goes '2'	board is full, game is over, lura is gone.
Exit from debug mode ...
1:'X' goes '2'	2:'0' goes '2'	3:'X' goes '2'	4:'0' goes '2'	5:'X' goes '2'	6:'0' goes '2'	7:'X' goes '2'	8:'0' goes '2'	9:'X' goes '7'	10:'0' goes '7'	11:'X' goes '7'	12:'0' goes '7'	13:'X' goes '7'	14:'0' goes '7'	15:'X' goes '7'	16:'0' goes '7'	17:'X' goes '1'	18:'0' goes '3'	19:'X' goes '1'	20:'0' goes '1'	21:'X' goes '3'	22:'0' goes '1'	23:'X' goes '1'	24:'0' goes '3'	25:'X' goes '3'	26:'0' goes '3'	27:'X' goes '1'	28:'0' goes '1'	29:'X' goes '3'	30:'0' goes '1'	31:'X' goes '3'	32:'0' goes '3'	33:'X' goes '6'	34:'0' goes '5'	35:'X' goes '6'	36:'0' goes '6'	37:'X' goes '5'	38:'0' goes '8'	39:'X' goes '6'	40:'0' goes '6'	41:'X' goes '6'	42:'0' goes '8'	43:'X' goes '8'	44:'0' goes '6'	45:'X' goes '8'	46:'0' goes '6'	47:'X' goes '8'	48:'0' goes '8'	49:'X' goes '8'	50:'0' goes '8'	51:'X' goes '4'	52:'0' goes '4'	
 1 2 3 4 5 6 7 8
|0|0|0| | |0|0|0|
|0|X|X| | |0|X|X|
|X|0|X| | |X|0|0|
|X|X|0| | |0|X|X|
|0|0|X| | |X|0|X|
|0|X|0| | |0|X|X|
|X|0|X|0|X|X|0|0|
|X|X|0|X|0|X|X|0|
Game is over, stars are gone.
Exit from debug mode ...
1:'X' goes '7'	2:'0' goes '7'	3:'X' goes '2'	4:'0' goes '7'	5:'X' goes '7'	6:'0' goes '7'	7:'X' goes '2'	8:'0' goes '2'	9:'X' goes '7'	10:'0' goes '2'	11:'X' goes '2'	12:'0' goes '2'	13:'X' goes '7'	14:'0' goes '7'	15:'X' goes '1'	16:'0' goes '3'	17:'X' goes '1'	18:'0' goes '1'	19:'X' goes '3'	20:'0' goes '3'	21:'X' goes '1'	22:'0' goes '1'	23:'X' goes '1'	24:'0' goes '3'	25:'X' goes '3'	26:'0' goes '3'	27:'X' goes '1'	28:'0' goes '1'	29:'X' goes '2'	30:'0' goes '3'	31:'X' goes '3'	32:'0' goes '2'	33:'X' goes '6'	34:'0' goes '5'	35:'X' goes '6'	36:'0' goes '6'	37:'X' goes '5'	38:'0' goes '6'	39:'X' goes '6'	40:'0' goes '8'	41:'X' goes '8'	42:'0' goes '8'	43:'X' goes '5'	44:'0' goes '5'	
 1 2 3 4 5 6 7 8
|0|0|X| |+| |0| |
|X|X|0| |+| |X| |
|X|0|0| | | |X| |
|0|X|X| | |X|0| |
|X|0|0| |0|0|X| |
|0|0|0| |X|0|0|0|
|X|X|X| |X|X|0|X|
|X|X|0| |0|X|X|0|
Game is over, stars are gone.
Exit from debug mode ...
1:'X' goes '6'	2:'0' goes '6'	3:'X' goes '6'	4:'0' goes '6'	5:'X' goes '6'	6:'0' goes '6'	7:'X' goes '6'	8:'0' goes '6'	9:'X' goes '3'	10:'0' goes '3'	11:'X' goes '3'	12:'0' goes '3'	13:'X' goes '3'	14:'0' goes '3'	15:'X' goes '3'	16:'0' goes '3'	17:'X' goes '1'	18:'0' goes '4'	19:'X' goes '1'	20:'0' goes '1'	21:'X' goes '1'	22:'0' goes '4'	23:'X' goes '4'	24:'0' goes '1'	25:'X' goes '7'	26:'0' goes '8'	27:'X' goes '7'	28:'0' goes '7'	29:'X' goes '8'	30:'0' goes '5'	31:'X' goes '5'	32:'0' goes '5'	33:'X' goes '5'	34:'0' goes '5'	35:'X' goes '1'	36:'0' goes '5'	37:'X' goes '5'	38:'0' goes '1'	39:'X' goes '5'	40:'0' goes '1'	41:'X' goes '2'	42:'0' goes '2'	43:'X' goes '2'	44:'0' goes '7'	45:'X' goes '7'	46:'0' goes '7'	47:'X' goes '4'	48:'0' goes '4'	49:'X' goes '4'	50:'0' goes '2'	51:'X' goes '4'	
 1 2 3 4 5 6 7 8
|0| |0| |X|0| | |
|0| |X|X|X|X| | |
|X| |0|X|0|0|0| |
|0| |X|0|0|X|X| |
|X|0|0|X|X|0|0| |
|0|X|X|X|0|X|0| |
|X|0|0|0|X|0|X|X|
|X|X|X|0|0|X|X|0|
Game is over, stars are gone.
Exit from debug mode ...
1:'X' goes '1'	2:'0' goes '8'	3:'X' goes '1'	4:'0' goes '1'	5:'X' goes '1'	6:'0' goes '8'	7:'X' goes '8'	8:'0' goes '8'	9:'X' goes '1'	10:'0' goes '1'	11:'X' goes '8'	12:'0' goes '1'	13:'X' goes '1'	14:'0' goes '8'	15:'X' goes '8'	16:'0' goes '8'	17:'X' goes '7'	18:'0' goes '6'	19:'X' goes '7'	20:'0' goes '7'	21:'X' goes '6'	22:'0' goes '7'	23:'X' goes '7'	24:'0' goes '6'	25:'X' goes '6'	26:'0' goes '6'	27:'X' goes '7'	28:'0' goes '7'	29:'X' goes '6'	30:'0' goes '6'	31:'X' goes '4'	32:'0' goes '4'	33:'X' goes '4'	34:'0' goes '6'	35:'X' goes '7'	36:'0' goes '4'	37:'X' goes '4'	38:'0' goes '4'	39:'X' goes '4'	40:'0' goes '4'	41:'X' goes '5'	42:'0' goes '3'	43:'X' goes '5'	44:'0' goes '5'	45:'X' goes '5'	46:'0' goes '3'	47:'X' goes '3'	48:'0' goes '3'	49:'X' goes '3'	50:'0' goes '3'	51:'X' goes '5'	52:'0' goes '5'	53:'X' goes '5'	54:'0' goes '5'	55:'X' goes '2'	56:'0' goes '2'	57:'X' goes '2'	58:'0' goes '3'	59:'X' goes '3'	60:'0' goes '2'	61:'X' goes '2'	
 1 2 3 4 5 6 7 8
|X| |X|0|0|0|X|0|
|0| |0|X|X|0|0|X|
|0| |0|0|0|X|X|0|
|X|X|X|X|X|0|X|X|
|X|0|0|0|X|X|0|0|
|0|X|X|X|0|0|0|X|
|X|0|0|0|X|X|X|0|
|X|X|0|X|X|0|X|0|
Game is over, stars are gone.
Exit from debug mode ...
1:'X' goes '3'	2:'0' goes '3'	3:'X' goes '5'	4:'0' goes '4'	5:'X' goes '5'	6:'0' goes '5'	7:'X' goes '4'	8:'0' goes '3'	9:'X' goes '3'	10:'0' goes '4'	11:'X' goes '5'	12:'0' goes '4'	13:'X' goes '3'	14:'0' goes '5'	15:'X' goes '3'	16:'0' goes '3'	17:'X' goes '4'	18:'0' goes '2'	19:'X' goes '2'	20:'0' goes '2'	
 1 2 3 4 5 6 7 8
|+| | | |+|+|+|+|
|+| |0| | |+|+|+|
|+| |X| | | |+|+|
|+| |X|X|0| |+|+|
| | |X|0|X| |+|+|
| |0|0|0|0| | |+|
| |X|0|X|X| | |+|
| |0|X|0|X| | |+|
Game is over, stars are gone.
Exit from debug mode ...
1:'X' goes '6'	2:'0' goes '6'	3:'X' goes '6'	4:'0' goes '6'	5:'X' goes '5'	6:'0' goes '4'	7:'X' goes '7'	8:'0' goes '8'	9:'X' goes '5'	10:'0' goes '5'	11:'X' goes '4'	12:'0' goes '4'	13:'X' goes '4'	14:'0' goes '5'	15:'X' goes '6'	16:'0' goes '5'	17:'X' goes '5'	18:'0' goes '8'	19:'X' goes '8'	20:'0' goes '8'	21:'X' goes '5'	22:'0' goes '7'	23:'X' goes '7'	24:'0' goes '7'	
 1 2 3 4 5 6 7 8
|+|+|+| | | |+|+|
|+|+|+| |X| |+|+|
|+|+|+| |X| | | |
|+|+| | |0|X| | |
|+|+| |X|0|0|0|0|
|+| | |0|0|X|X|X|
|+| | |X|X|0|0|0|
|+| | |0|X|X|X|0|
Game is over, stars are gone.
Exit from debug mode ...
1:'X' goes '1'	2:'0' goes '1'	3:'X' goes '1'	4:'0' goes '1'	5:'X' goes '1'	6:'0' goes '1'	7:'X' goes '1'	8:'0' goes '1'	9:'X' goes '2'	10:'0' goes '2'	11:'X' goes '2'	12:'0' goes '2'	13:'X' goes '2'	14:'0' goes '2'	15:'X' goes '2'	16:'0' goes '3'	17:'X' goes '3'	18:'0' goes '3'	19:'X' goes '3'	20:'0' goes '3'	21:'X' goes '3'	22:'0' goes '3'	23:'X' goes '2'	24:'0' goes '3'	25:'X' goes '7'	26:'0' goes '7'	27:'X' goes '7'	28:'0' goes '8'	29:'X' goes '7'	30:'0' goes '7'	31:'X' goes '8'	32:'0' goes '7'	33:'X' goes '7'	34:'0' goes '8'	35:'X' goes '7'	36:'0' goes '8'	37:'X' goes '8'	38:'0' goes '5'	39:'X' goes '6'	40:'0' goes '5'	41:'X' goes '5'	42:'0' goes '6'	43:'X' goes '6'	44:'0' goes '6'	45:'X' goes '6'	46:'0' goes '6'	47:'X' goes '5'	48:'0' goes '8'	49:'X' goes '6'	50:'0' goes '5'	51:'X' goes '5'	52:'0' goes '5'	
 1 2 3 4 5 6 7 8
|0|X|0| | | |X| |
|X|X|0| |0|X|X| |
|0|0|X| |X|0|0|0|
|X|X|0| |0|X|0|X|
|0|0|X| |X|0|X|0|
|X|X|0| |X|X|X|0|
|0|0|X| |0|0|0|X|
|X|X|0| |0|X|X|0|
Game is over, stars are gone.
Exit from debug mode ...
1:'X' goes '7'	2:'0' goes '7'	3:'X' goes '7'	4:'0' goes '7'	5:'X' goes '7'	6:'0' goes '7'	7:'X' goes '7'	8:'0' goes '7'	9:'X' goes '2'	10:'0' goes '2'	11:'X' goes '2'	12:'0' goes '2'	13:'X' goes '6'	14:'0' goes '5'	15:'X' goes '6'	16:'0' goes '6'	17:'X' goes '5'	18:'0' goes '8'	19:'X' goes '8'	20:'0' goes '6'	21:'X' goes '6'	22:'0' goes '2'	23:'X' goes '2'	24:'0' goes '8'	25:'X' goes '2'	26:'0' goes '2'	27:'X' goes '8'	28:'0' goes '8'	29:'X' goes '6'	30:'0' goes '6'	31:'X' goes '3'	32:'0' goes '4'	33:'X' goes '3'	34:'0' goes '4'	35:'X' goes '3'	36:'0' goes '3'	37:'X' goes '4'	38:'0' goes '5'	39:'X' goes '5'	
 1 2 3 4 5 6 7 8
| |0| |+| | |0| |
| |X| |+| |0|X| |
| |X| | | |X|0| |
| |0| | | |X|X|0|
| |0|0| |X|0|0|X|
| |X|X|X|0|0|X|0|
| |0|X|0|X|X|0|X|
| |X|X|0|0|X|X|0|
Game is over, stars are gone.
Exit from debug mode ...
1:'X' goes '3'	2:'0' goes '3'	3:'X' goes '3'	4:'0' goes '3'	5:'X' goes '3'	6:'0' goes '3'	7:'X' goes '1'	8:'0' goes '2'	9:'X' goes '2'	10:'0' goes '3'	11:'X' goes '3'	12:'0' goes '2'	13:'X' goes '1'	14:'0' goes '4'	15:'X' goes '4'	16:'0' goes '2'	17:'X' goes '2'	18:'0' goes '2'	19:'X' goes '2'	20:'0' goes '2'	21:'X' goes '6'	22:'0' goes '6'	23:'X' goes '6'	24:'0' goes '6'	25:'X' goes '5'	26:'0' goes '7'	27:'X' goes '5'	28:'0' goes '5'	29:'X' goes '5'	30:'0' goes '7'	31:'X' goes '7'	32:'0' goes '7'	33:'X' goes '5'	34:'0' goes '5'	35:'X' goes '6'	36:'0' goes '7'	37:'X' goes '7'	38:'0' goes '4'	39:'X' goes '4'	
 1 2 3 4 5 6 7 8
| |0|X| | |+| |+|
| |X|0| | | | | |
| |0|0| |0| |X| |
| |X|X| |X|X|0| |
| |0|0|X|X|0|0| |
| |0|X|0|0|X|X| |
|X|X|0|X|X|0|0| |
|X|0|X|0|X|X|0| |
Game is over, stars are gone.
Exit from debug mode ...
1:'X' goes '5'	2:'0' goes '5'	3:'X' goes '5'	4:'0' goes '1'	5:'X' goes '5'	6:'0' goes '5'	7:'X' goes '1'	8:'0' goes '5'	9:'X' goes '5'	10:'0' goes '1'	11:'X' goes '5'	12:'0' goes '1'	13:'X' goes '1'	14:'0' goes '1'	15:'X' goes '1'	16:'0' goes '1'	17:'X' goes '2'	18:'0' goes '2'	19:'X' goes '8'	20:'0' goes '2'	21:'X' goes '2'	22:'0' goes '8'	23:'X' goes '2'	24:'0' goes '2'	25:'X' goes '2'	26:'0' goes '8'	27:'X' goes '8'	28:'0' goes '8'	29:'X' goes '2'	30:'0' goes '8'	31:'X' goes '8'	32:'0' goes '8'	33:'X' goes '7'	34:'0' goes '6'	35:'X' goes '6'	36:'0' goes '6'	37:'X' goes '6'	38:'0' goes '4'	39:'X' goes '4'	40:'0' goes '3'	41:'X' goes '3'	42:'0' goes '4'	43:'X' goes '3'	
 1 2 3 4 5 6 7 8
|0|X| | |X| | |0|
|X|X| | |X| | |X|
|0|0| | |0| | |0|
|X|X| | |0| | |0|
|0|X| | |X|X| |X|
|0|0|X|0|X|0| |0|
|X|0|X|X|0|X| |0|
|0|X|0|0|X|0|X|X|
Game is over, stars are gone.
Exit from debug mode ...
1:'X' goes '8'	2:'0' goes '8'	3:'X' goes '8'	4:'0' goes '8'	5:'X' goes '8'	6:'0' goes '8'	7:'X' goes '8'	8:'0' goes '8'	9:'X' goes '6'	10:'0' goes '7'	11:'X' goes '6'	12:'0' goes '6'	13:'X' goes '6'	14:'0' goes '7'	15:'X' goes '7'	16:'0' goes '6'	17:'X' goes '7'	18:'0' goes '7'	19:'X' goes '6'	20:'0' goes '7'	21:'X' goes '7'	22:'0' goes '6'	23:'X' goes '7'	24:'0' goes '6'	25:'X' goes '5'	26:'0' goes '4'	27:'X' goes '5'	28:'0' goes '5'	29:'X' goes '5'	30:'0' goes '5'	31:'X' goes '4'	32:'0' goes '5'	33:'X' goes '4'	34:'0' goes '4'	35:'X' goes '4'	36:'0' goes '5'	37:'X' goes '5'	38:'0' goes '4'	39:'X' goes '4'	40:'0' goes '4'	41:'X' goes '2'	42:'0' goes '2'	43:'X' goes '1'	44:'0' goes '2'	45:'X' goes '3'	46:'0' goes '3'	47:'X' goes '3'	48:'0' goes '3'	49:'X' goes '2'	
 1 2 3 4 5 6 7 8
|+|+| |0|X|0|X|0|
|+| | |X|0|0|X|X|
|+| | |0|0|X|0|0|
| | | |X|0|0|0|X|
| |X|0|0|X|X|X|0|
| |0|X|X|0|0|X|X|
| |0|0|X|X|X|0|0|
|X|X|X|0|X|X|0|X|
Game is over, stars are gone.
Exit from debug mode ...
1:'X' goes '6'	2:'0' goes '6'	3:'X' goes '6'	4:'0' goes '6'	5:'X' goes '6'	6:'0' goes '6'	7:'X' goes '6'	8:'0' goes '6'	9:'X' goes '2'	10:'0' goes '2'	11:'X' goes '2'	12:'0' goes '3'	13:'X' goes '2'	14:'0' goes '2'	15:'X' goes '3'	16:'0' goes '4'	17:'X' goes '3'	18:'0' goes '3'	19:'X' goes '4'	20:'0' goes '5'	21:'X' goes '4'	22:'0' goes '4'	23:'X' goes '5'	24:'0' goes '5'	25:'X' goes '5'	
 1 2 3 4 5 6 7 8
|+|+|+|+| |0| |+|
|+| |+|+| |X| |+|
| | | | | |0| |+|
| |0| | | |X| | |
| |X|0|0|X|0| | |
| |X|X|X|0|X| | |
| |0|X|X|X|0| | |
| |X|0|0|0|X| | |
Game is over, stars are gone.
Exit from debug mode ...
1:'X' goes '2'	2:'0' goes '2'	3:'X' goes '2'	4:'0' goes '2'	5:'X' goes '5'	6:'0' goes '2'	7:'X' goes '2'	8:'0' goes '5'	9:'X' goes '2'	10:'0' goes '2'	11:'X' goes '5'	12:'0' goes '5'	13:'X' goes '5'	14:'0' goes '5'	15:'X' goes '5'	16:'0' goes '5'	17:'X' goes '4'	18:'0' goes '3'	19:'X' goes '3'	20:'0' goes '6'	21:'X' goes '3'	22:'0' goes '3'	23:'X' goes '6'	24:'0' goes '3'	25:'X' goes '3'	26:'0' goes '7'	27:'X' goes '3'	28:'0' goes '3'	29:'X' goes '6'	30:'0' goes '6'	31:'X' goes '1'	32:'0' goes '6'	33:'X' goes '6'	34:'0' goes '7'	35:'X' goes '7'	36:'0' goes '7'	37:'X' goes '1'	38:'0' goes '7'	39:'X' goes '7'	40:'0' goes '6'	41:'X' goes '7'	42:'0' goes '7'	43:'X' goes '6'	44:'0' goes '8'	45:'X' goes '1'	46:'0' goes '1'	47:'X' goes '1'	48:'0' goes '1'	49:'X' goes '1'	50:'0' goes '1'	51:'X' goes '4'	52:'0' goes '4'	
 1 2 3 4 5 6 7 8
|0|0|0| |0|X|0| |
|X|X|X| |X|0|X| |
|0|X|X| |0|X|X| |
|X|0|0| |X|0|0| |
|0|0|0| |0|0|0| |
|X|X|X|0|X|X|X| |
|X|0|X|X|0|X|0| |
|X|X|0|X|X|0|0|0|
Game is over, stars are gone.
Exit from debug mode ...
1:'X' goes '8'	2:'0' goes '8'	3:'X' goes '8'	4:'0' goes '6'	5:'X' goes '8'	6:'0' goes '8'	7:'X' goes '8'	8:'0' goes '6'	9:'X' goes '6'	10:'0' goes '6'	11:'X' goes '8'	12:'0' goes '8'	13:'X' goes '6'	14:'0' goes '6'	15:'X' goes '6'	16:'0' goes '6'	17:'X' goes '3'	18:'0' goes '3'	19:'X' goes '3'	20:'0' goes '3'	21:'X' goes '3'	22:'0' goes '3'	23:'X' goes '3'	24:'0' goes '3'	25:'X' goes '4'	26:'0' goes '2'	27:'X' goes '4'	28:'0' goes '4'	29:'X' goes '4'	30:'0' goes '2'	31:'X' goes '2'	32:'0' goes '2'	33:'X' goes '2'	34:'0' goes '2'	35:'X' goes '4'	36:'0' goes '4'	37:'X' goes '1'	38:'0' goes '2'	39:'X' goes '2'	40:'0' goes '4'	41:'X' goes '4'	42:'0' goes '1'	43:'X' goes '1'	44:'0' goes '7'	45:'X' goes '7'	46:'0' goes '7'	47:'X' goes '7'	48:'0' goes '7'	49:'X' goes '7'	50:'0' goes '7'	51:'X' goes '7'	52:'0' goes '5'	53:'X' goes '5'	
 1 2 3 4 5 6 7 8
| |X|0|X| |0|X|0|
| |0|X|0| |X|0|X|
| |0|0|0| |0|X|X|
| |X|X|X| |X|0|0|
| |0|0|X| |0|X|X|
|X|X|X|0| |X|0|X|
|0|0|0|X|X|0|X|0|
|X|0|X|X|0|0|0|X|
Game is over, stars are gone.
Exit from debug mode ...
1:'X' goes '8'	2:'0' goes '8'	3:'X' goes '8'	4:'0' goes '8'	5:'X' goes '8'	6:'0' goes '8'	7:'X' goes '8'	8:'0' goes '8'	9:'X' goes '4'	10:'0' goes '4'	11:'X' goes '4'	12:'0' goes '4'	13:'X' goes '4'	14:'0' goes '2'	15:'X' goes '4'	16:'0' goes '4'	17:'X' goes '2'	18:'0' goes '4'	19:'X' goes '2'	20:'0' goes '2'	21:'X' goes '2'	22:'0' goes '2'	23:'X' goes '2'	24:'0' goes '2'	25:'X' goes '6'	26:'0' goes '5'	27:'X' goes '5'	28:'0' goes '6'	29:'X' goes '5'	30:'0' goes '5'	31:'X' goes '7'	32:'0' goes '6'	33:'X' goes '6'	34:'0' goes '5'	35:'X' goes '5'	36:'0' goes '5'	37:'X' goes '6'	38:'0' goes '6'	39:'X' goes '6'	40:'0' goes '5'	41:'X' goes '6'	42:'0' goes '3'	43:'X' goes '1'	44:'0' goes '1'	45:'X' goes '1'	46:'0' goes '1'	47:'X' goes '1'	48:'0' goes '1'	49:'X' goes '1'	50:'0' goes '1'	51:'X' goes '7'	52:'0' goes '7'	
 1 2 3 4 5 6 7 8
|0|0| |0|0|X| |0|
|X|X| |0|0|X| |X|
|0|0| |X|X|0| |0|
|X|X| |X|0|X| |X|
|0|0| |0|0|X| |0|
|X|X| |X|X|0|0|X|
|0|X| |0|X|0|X|0|
|X|0|0|X|0|X|X|X|
Game is over, stars are gone.
Exit from debug mode ...
1:'X' goes '4'	2:'0' goes '4'	3:'X' goes '4'	4:'0' goes '4'	5:'X' goes '4'	6:'0' goes '5'	7:'X' goes '4'	8:'0' goes '4'	9:'X' goes '5'	10:'0' goes '6'	11:'X' goes '7'	12:'0' goes '6'	13:'X' goes '6'	14:'0' goes '5'	15:'X' goes '5'	16:'0' goes '7'	17:'X' goes '6'	18:'0' goes '5'	19:'X' goes '4'	20:'0' goes '5'	21:'X' goes '1'	22:'0' goes '2'	23:'X' goes '1'	24:'0' goes '2'	25:'X' goes '6'	26:'0' goes '6'	27:'X' goes '1'	28:'0' goes '1'	29:'X' goes '2'	30:'0' goes '5'	31:'X' goes '5'	32:'0' goes '6'	33:'X' goes '3'	34:'0' goes '3'	35:'X' goes '3'	
 1 2 3 4 5 6 7 8
|+|+| |X|X| | |+|
|+|+| |0|0|0| |+|
| |+| |X|0|0| |+|
| | | |X|0|X| | |
|0| | |0|X|X| | |
|X|X|X|X|0|X| | |
|X|0|0|0|X|0|0| |
|X|0|X|X|0|0|X| |
Game is over, stars are gone.
Exit from debug mode ...
1:'X' goes '1'	2:'0' goes '1'	3:'X' goes '1'	4:'0' goes '1'	5:'X' goes '1'	6:'0' goes '1'	7:'X' goes '1'	8:'0' goes '1'	9:'X' goes '6'	10:'0' goes '6'	11:'X' goes '6'	12:'0' goes '6'	13:'X' goes '6'	14:'0' goes '6'	15:'X' goes '6'	16:'0' goes '6'	17:'X' goes '5'	18:'0' goes '7'	19:'X' goes '4'	20:'0' goes '3'	21:'X' goes '5'	22:'0' goes '5'	23:'X' goes '4'	24:'0' goes '3'	25:'X' goes '3'	26:'0' goes '5'	27:'X' goes '2'	28:'0' goes '2'	29:'X' goes '2'	30:'0' goes '2'	31:'X' goes '4'	
 1 2 3 4 5 6 7 8
|0| |+|+| |0| |+|
|X| |+|+| |X| |+|
|0| | |+| |0| |+|
|X| | | | |X| | |
|0|0| | |0|0| | |
|X|X|X|X|0|X| | |
|0|0|0|X|X|0| | |
|X|X|0|X|X|X|0| |
Game is over, stars are gone.
Exit from debug mode ...
1:'X' goes '1'	2:'0' goes '1'	3:'X' goes '1'	4:'0' goes '1'	5:'X' goes '3'	6:'0' goes '2'	7:'X' goes '3'	8:'0' goes '3'	9:'X' goes '1'	10:'0' goes '3'	11:'X' goes '3'	12:'0' goes '2'	13:'X' goes '2'	14:'0' goes '2'	15:'X' goes '2'	16:'0' goes '1'	17:'X' goes '2'	18:'0' goes '2'	19:'X' goes '1'	20:'0' goes '2'	21:'X' goes '1'	22:'0' goes '3'	23:'X' goes '3'	24:'0' goes '3'	25:'X' goes '6'	26:'0' goes '6'	27:'X' goes '6'	28:'0' goes '6'	29:'X' goes '6'	30:'0' goes '8'	31:'X' goes '6'	32:'0' goes '6'	33:'X' goes '8'	34:'0' goes '6'	35:'X' goes '8'	36:'0' goes '8'	37:'X' goes '4'	38:'0' goes '5'	39:'X' goes '4'	40:'0' goes '5'	41:'X' goes '7'	42:'0' goes '8'	43:'X' goes '8'	44:'0' goes '8'	45:'X' goes '8'	46:'0' goes '7'	47:'X' goes '7'	48:'0' goes '5'	49:'X' goes '5'	50:'0' goes '4'	51:'X' goes '4'	
 1 2 3 4 5 6 7 8
|X|0|0| | |0| |X|
|X|0|X| | |0| |0|
|0|X|0| | |X| |X|
|X|X|X| | |X| |0|
|0|0|0|X|X|0| |0|
|X|X|0|0|0|X|X|X|
|0|0|X|X|0|0|0|X|
|X|0|X|X|0|X|X|0|
Game is over, stars are gone.
Exit from debug mode ...
1:'X' goes '7'	2:'0' goes '7'	3:'X' goes '4'	4:'0' goes '7'	5:'X' goes '7'	6:'0' goes '4'	7:'X' goes '7'	8:'0' goes '7'	9:'X' goes '8'	10:'0' goes '7'	11:'X' goes '6'	12:'0' goes '5'	13:'X' goes '6'	14:'0' goes '6'	15:'X' goes '7'	16:'0' goes '5'	17:'X' goes '5'	18:'0' goes '5'	19:'X' goes '8'	20:'0' goes '8'	21:'X' goes '8'	22:'0' goes '6'	23:'X' goes '6'	24:'0' goes '5'	25:'X' goes '5'	26:'0' goes '6'	27:'X' goes '5'	28:'0' goes '5'	29:'X' goes '6'	30:'0' goes '1'	31:'X' goes '6'	32:'0' goes '1'	33:'X' goes '1'	34:'0' goes '3'	35:'X' goes '3'	36:'0' goes '3'	37:'X' goes '8'	38:'0' goes '8'	39:'X' goes '1'	40:'0' goes '1'	41:'X' goes '2'	42:'0' goes '3'	43:'X' goes '3'	44:'0' goes '1'	45:'X' goes '1'	46:'0' goes '3'	47:'X' goes '1'	48:'0' goes '3'	49:'X' goes '3'	50:'0' goes '8'	51:'X' goes '8'	52:'0' goes '4'	53:'X' goes '4'	
 1 2 3 4 5 6 7 8
|X| |X| |0|X|X|X|
|X| |0| |X|X|0|0|
|0| |0| |X|0|0|0|
|0| |X| |0|X|X|X|
|X| |0|X|0|0|X|X|
|X| |0|0|X|0|0|0|
|0| |X|0|0|X|0|X|
|0|X|0|X|0|X|X|X|
Game is over, stars are gone.
Exit from debug mode ...
1:'X' goes '8'	2:'0' goes '8'	3:'X' goes '8'	4:'0' goes '8'	5:'X' goes '8'	6:'0' goes '8'	7:'X' goes '8'	8:'0' goes '8'	9:'X' goes '6'	10:'0' goes '7'	11:'X' goes '6'	12:'0' goes '6'	13:'X' goes '7'	14:'0' goes '6'	15:'X' goes '6'	16:'0' goes '7'	17:'X' goes '7'	18:'0' goes '6'	19:'X' goes '7'	20:'0' goes '7'	21:'X' goes '6'	22:'0' goes '7'	23:'X' goes '7'	24:'0' goes '6'	25:'X' goes '1'	26:'0' goes '1'	27:'X' goes '1'	28:'0' goes '1'	29:'X' goes '1'	30:'0' goes '4'	31:'X' goes '1'	32:'0' goes '1'	33:'X' goes '4'	34:'0' goes '1'	35:'X' goes '4'	36:'0' goes '3'	37:'X' goes '3'	38:'0' goes '2'	39:'X' goes '5'	40:'0' goes '5'	41:'X' goes '5'	42:'0' goes '5'	43:'X' goes '5'	
 1 2 3 4 5 6 7 8
|0| |+|+| |0|X|0|
|0| |+| | |X|0|X|
|X| |+| | |0|0|0|
|X| | | |X|X|X|X|
|0| | | |0|0|X|0|
|X| | |X|X|0|0|X|
|0| |X|X|0|X|X|0|
|X|0|0|0|X|X|0|X|
Game is over, stars are gone.
Exit from debug mode ...
1:'X' goes '4'	2:'0' goes '4'	3:'X' goes '4'	4:'0' goes '4'	5:'X' goes '4'	6:'0' goes '5'	7:'X' goes '4'	8:'0' goes '4'	9:'X' goes '3'	10:'0' goes '2'	11:'X' goes '3'	12:'0' goes '3'	13:'X' goes '2'	14:'0' goes '4'	15:'X' goes '5'	16:'0' goes '3'	17:'X' goes '3'	18:'0' goes '1'	19:'X' goes '3'	20:'0' goes '3'	21:'X' goes '5'	22:'0' goes '5'	23:'X' goes '5'	24:'0' goes '5'	25:'X' goes '3'	26:'0' goes '5'	27:'X' goes '5'	28:'0' goes '1'	29:'X' goes '1'	30:'0' goes '1'	31:'X' goes '1'	32:'0' goes '1'	33:'X' goes '1'	34:'0' goes '1'	35:'X' goes '8'	36:'0' goes '8'	37:'X' goes '8'	38:'0' goes '8'	39:'X' goes '8'	40:'0' goes '8'	41:'X' goes '8'	42:'0' goes '8'	43:'X' goes '7'	44:'0' goes '6'	45:'X' goes '6'	46:'0' goes '6'	47:'X' goes '6'	48:'0' goes '6'	49:'X' goes '7'	50:'0' goes '7'	51:'X' goes '7'	52:'0' goes '6'	53:'X' goes '7'	54:'0' goes '6'	
 1 2 3 4 5 6 7 8
|0| |X|0|X| | |0|
|X| |0|0|0|0| |X|
|0| |X|X|0|0| |0|
|X| |X|X|X|0|X|X|
|0| |0|0|0|X|X|0|
|X| |0|X|X|0|0|X|
|0|X|X|0|X|X|X|0|
|0|0|X|X|0|0|X|X|
Game is over, stars are gone.
Exit from debug mode ...
1:'X' goes '2'	2:'0' goes '2'	3:'X' goes '2'	4:'0' goes '2'	5:'X' goes '2'	6:'0' goes '2'	7:'X' goes '2'	8:'0' goes '2'	9:'X' goes '3'	10:'0' goes '4'	11:'X' goes '3'	12:'0' goes '3'	13:'X' goes '4'	14:'0' goes '1'	15:'X' goes '3'	16:'0' goes '1'	17:'X' goes '1'	18:'0' goes '3'	19:'X' goes '1'	20:'0' goes '1'	21:'X' goes '3'	22:'0' goes '3'	23:'X' goes '1'	24:'0' goes '4'	25:'X' goes '4'	26:'0' goes '4'	27:'X' goes '1'	28:'0' goes '1'	29:'X' goes '3'	30:'0' goes '8'	31:'X' goes '8'	32:'0' goes '7'	33:'X' goes '6'	34:'0' goes '7'	35:'X' goes '7'	36:'0' goes '7'	37:'X' goes '6'	38:'0' goes '6'	39:'X' goes '6'	40:'0' goes '7'	41:'X' goes '7'	42:'0' goes '6'	43:'X' goes '7'	44:'0' goes '6'	45:'X' goes '6'	46:'0' goes '6'	47:'X' goes '7'	48:'0' goes '8'	49:'X' goes '8'	50:'0' goes '5'	51:'X' goes '5'	
 1 2 3 4 5 6 7 8
|0|0|X| | |0|X| |
|X|X|0| | |X|X| |
|X|0|X| | |0|X| |
|0|X|0|0| |0|0| |
|X|0|X|X| |X|0|X|
|X|X|0|0| |0|X|0|
|0|0|X|X|X|X|0|X|
|0|X|X|0|0|X|0|0|
Game is over, stars are gone.
Exit from debug mode ...
1:'X' goes '3'	2:'0' goes '3'	3:'X' goes '3'	4:'0' goes '3'	5:'X' goes '3'	6:'0' goes '3'	7:'X' goes '3'	8:'0' goes '3'	9:'X' goes '2'	10:'0' goes '4'	11:'X' goes '2'	12:'0' goes '2'	13:'X' goes '1'	14:'0' goes '1'	15:'X' goes '6'	16:'0' goes '4'	17:'X' goes '6'	18:'0' goes '6'	19:'X' goes '8'	20:'0' goes '7'	21:'X' goes '8'	22:'0' goes '8'	23:'X' goes '7'	24:'0' goes '7'	25:'X' goes '2'	26:'0' goes '6'	27:'X' goes '6'	28:'0' goes '8'	29:'X' goes '8'	30:'0' goes '7'	31:'X' goes '7'	32:'0' goes '6'	33:'X' goes '8'	34:'0' goes '8'	35:'X' goes '7'	36:'0' goes '7'	37:'X' goes '6'	38:'0' goes '8'	39:'X' goes '6'	40:'0' goes '7'	41:'X' goes '2'	42:'0' goes '2'	43:'X' goes '2'	44:'0' goes '2'	45:'X' goes '4'	46:'0' goes '4'	47:'X' goes '4'	48:'0' goes '4'	49:'X' goes '4'	50:'0' goes '4'	51:'X' goes '5'	52:'0' goes '5'	
 1 2 3 4 5 6 7 8
| |0|0|0| |X|0|0|
| |X|X|X| |X|0|0|
| |0|0|0| |0|X|X|
| |X|X|X| |X|X|X|
| |X|0|0| |0|0|0|
| |0|X|X| |0|0|0|
|0|X|0|0|0|X|X|X|
|X|X|X|0|X|X|0|X|
Game is over, stars are gone.
Exit from debug mode ...
1:'X' goes '8'	2:'0' goes '8'	3:'X' goes '3'	4:'0' goes '8'	5:'X' goes '8'	6:'0' goes '8'	7:'X' goes '3'	8:'0' goes '3'	9:'X' goes '8'	10:'0' goes '3'	11:'X' goes '3'	12:'0' goes '3'	13:'X' goes '8'	14:'0' goes '8'	15:'X' goes '2'	16:'0' goes '4'	17:'X' goes '2'	18:'0' goes '2'	19:'X' goes '4'	20:'0' goes '4'	21:'X' goes '3'	22:'0' goes '4'	23:'X' goes '4'	24:'0' goes '2'	25:'X' goes '2'	26:'0' goes '4'	27:'X' goes '2'	28:'0' goes '2'	29:'X' goes '3'	30:'0' goes '2'	31:'X' goes '6'	32:'0' goes '7'	33:'X' goes '6'	34:'0' goes '6'	35:'X' goes '6'	36:'0' goes '4'	37:'X' goes '5'	38:'0' goes '5'	39:'X' goes '5'	
 1 2 3 4 5 6 7 8
| |0|X| | |+| |0|
| |0|X|0| |+| |X|
| |X|0|0| | | |X|
| |X|X|X| | | |0|
| |0|0|0| |X| |X|
| |0|0|0|X|0| |0|
| |X|X|X|0|X| |0|
| |X|X|0|X|X|0|X|
Game is over, stars are gone.
Exit from debug mode ...
1:'X' goes '5'	2:'0' goes '5'	3:'X' goes '5'	4:'0' goes '5'	5:'X' goes '5'	6:'0' goes '5'	7:'X' goes '5'	8:'0' goes '5'	9:'X' goes '3'	10:'0' goes '4'	11:'X' goes '4'	12:'0' goes '3'	13:'X' goes '3'	14:'0' goes '4'	15:'X' goes '2'	16:'0' goes '3'	17:'X' goes '6'	18:'0' goes '7'	19:'X' goes '4'	20:'0' goes '2'	21:'X' goes '3'	22:'0' goes '6'	23:'X' goes '6'	24:'0' goes '6'	25:'X' goes '6'	26:'0' goes '6'	27:'X' goes '4'	
 1 2 3 4 5 6 7 8
|+|+|+| |0| |+|+|
|+|+| | |X| | |+|
|+| | | |0|0| |+|
|+| |X|X|X|X| |+|
| | |0|X|0|0| | |
| | |X|0|X|X| | |
| |0|0|X|0|0| | |
| |X|X|0|X|X|0| |
Game is over, stars are gone.
Exit from debug mode ...
1:'X' goes '5'	2:'0' goes '5'	3:'X' goes '5'	4:'0' goes '5'	5:'X' goes '5'	6:'0' goes '5'	7:'X' goes '5'	8:'0' goes '5'	9:'X' goes '3'	10:'0' goes '4'	11:'X' goes '4'	12:'0' goes '3'	13:'X' goes '3'	14:'0' goes '4'	15:'X' goes '2'	16:'0' goes '3'	17:'X' goes '6'	18:'0' goes '7'	19:'X' goes '4'	20:'0' goes '2'	21:'X' goes '3'	22:'0' goes '6'	23:'X' goes '2'	24:'0' goes '2'	25:'X' goes '2'	26:'0' goes '2'	27:'X' goes '4'	
 1 2 3 4 5 6 7 8
| | |+| |0| |+|+|
| | | | |X| |+|+|
| |0| | |0| |+|+|
| |X|X|X|X| | |+|
| |0|0|X|0| | | |
| |X|X|0|X| | | |
| |0|0|X|0|0| | |
| |X|X|0|X|X|0| |
Game is over, stars are gone.
Exit from debug mode ...
1:'X' goes '5'	2:'0' goes '5'	3:'X' goes '5'	4:'0' goes '5'	5:'X' goes '5'	6:'0' goes '5'	7:'X' goes '3'	8:'0' goes '4'	9:'X' goes '4'	10:'0' goes '5'	11:'X' goes '5'	12:'0' goes '7'	13:'X' goes '3'	14:'0' goes '3'	15:'X' goes '4'	16:'0' goes '4'	17:'X' goes '3'	18:'0' goes '7'	19:'X' goes '7'	20:'0' goes '4'	21:'X' goes '4'	22:'0' goes '7'	23:'X' goes '3'	24:'0' goes '3'	25:'X' goes '4'	26:'0' goes '4'	27:'X' goes '3'	28:'0' goes '7'	29:'X' goes '7'	30:'0' goes '3'	31:'X' goes '7'	32:'0' goes '7'	33:'X' goes '6'	34:'0' goes '8'	35:'X' goes '8'	36:'0' goes '8'	37:'X' goes '8'	38:'0' goes '6'	39:'X' goes '6'	
 1 2 3 4 5 6 7 8
|+| |0|0|X| |0| |
|+| |X|X|0| |X| |
| | |0|X|0| |X| |
| | |X|0|X| |0| |
| | |X|0|0| |0|X|
| | |0|X|X|X|X|0|
| | |X|X|0|0|0|X|
| | |X|0|X|X|0|0|
Game is over, stars are gone.
Exit from debug mode ...
1:'X' goes '7'	2:'0' goes '7'	3:'X' goes '7'	4:'0' goes '8'	5:'X' goes '7'	6:'0' goes '7'	7:'X' goes '7'	8:'0' goes '8'	9:'X' goes '8'	10:'0' goes '5'	11:'X' goes '7'	12:'0' goes '7'	13:'X' goes '8'	14:'0' goes '8'	15:'X' goes '4'	16:'0' goes '5'	17:'X' goes '5'	18:'0' goes '5'	19:'X' goes '4'	20:'0' goes '6'	21:'X' goes '6'	22:'0' goes '6'	
 1 2 3 4 5 6 7 8
|+|+|+|+|+| |0| |
|+|+|+|+|+| |X| |
|+|+|+| | | |X| |
|+|+|+| | | |0|0|
|+|+| | |0| |X|X|
|+|+| | |X|0|X|X|
|+| | |X|0|X|0|0|
|+| | |X|0|0|X|0|
Game is over, stars are gone.
Exit from debug mode ...
1:'X' goes '3'	2:'0' goes '3'	3:'X' goes '8'	4:'0' goes '3'	5:'X' goes '3'	6:'0' goes '8'	7:'X' goes '3'	8:'0' goes '3'	9:'X' goes '7'	10:'0' goes '6'	11:'X' goes '7'	12:'0' goes '7'	13:'X' goes '2'	14:'0' goes '4'	15:'X' goes '2'	16:'0' goes '2'	17:'X' goes '6'	18:'0' goes '6'	19:'X' goes '8'	20:'0' goes '6'	21:'X' goes '6'	22:'0' goes '2'	23:'X' goes '2'	24:'0' goes '4'	25:'X' goes '5'	26:'0' goes '7'	27:'X' goes '5'	28:'0' goes '4'	29:'X' goes '4'	30:'0' goes '5'	
 1 2 3 4 5 6 7 8
|+|+| |+|+|+|+|+|
|+| | | |+| |+|+|
| | |0| | | | |+|
| |X|X| | |X| | |
| |0|X|X| |0|0| |
| |0|0|0|0|0|0|X|
| |X|0|0|X|X|X|0|
| |X|X|0|X|0|X|X|
Game is over, stars are gone.
Exit from debug mode ...
1:'X' goes '5'	2:'0' goes '5'	3:'X' goes '5'	4:'0' goes '5'	5:'X' goes '6'	6:'0' goes '7'	7:'X' goes '4'	8:'0' goes '3'	9:'X' goes '6'	10:'0' goes '6'	11:'X' goes '7'	12:'0' goes '7'	13:'X' goes '7'	14:'0' goes '3'	15:'X' goes '3'	16:'0' goes '4'	17:'X' goes '4'	18:'0' goes '4'	19:'X' goes '3'	20:'0' goes '4'	21:'X' goes '4'	22:'0' goes '6'	23:'X' goes '6'	24:'0' goes '5'	25:'X' goes '5'	26:'0' goes '4'	27:'X' goes '6'	28:'0' goes '6'	29:'X' goes '5'	30:'0' goes '4'	31:'X' goes '6'	32:'0' goes '3'	33:'X' goes '3'	
 1 2 3 4 5 6 7 8
|+|+| |0| |X| |+|
|+| | |0|X|0| |+|
|+| |X|X|X|X| |+|
|+| |0|0|0|X| | |
| | |X|0|0|0|X| |
| | |X|X|X|0|0| |
| | |0|0|0|X|X| |
| | |0|X|X|X|0| |
Game is over, stars are gone.
Exit from debug mode ...
1:'X' goes '7'	2:'0' goes '7'	3:'X' goes '7'	4:'0' goes '7'	5:'X' goes '4'	6:'0' goes '7'	7:'X' goes '7'	8:'0' goes '4'	9:'X' goes '7'	10:'0' goes '7'	11:'X' goes '4'	12:'0' goes '4'	13:'X' goes '4'	14:'0' goes '4'	15:'X' goes '4'	16:'0' goes '4'	17:'X' goes '2'	18:'0' goes '3'	19:'X' goes '3'	20:'0' goes '3'	21:'X' goes '2'	22:'0' goes '5'	23:'X' goes '5'	24:'0' goes '3'	25:'X' goes '3'	26:'0' goes '3'	27:'X' goes '3'	28:'0' goes '3'	29:'X' goes '1'	30:'0' goes '1'	31:'X' goes '1'	32:'0' goes '1'	33:'X' goes '6'	34:'0' goes '1'	35:'X' goes '1'	36:'0' goes '6'	37:'X' goes '6'	38:'0' goes '5'	39:'X' goes '5'	
 1 2 3 4 5 6 7 8
| | |0|0| | |0| |
| | |X|X| | |X| |
|X| |0|0| | |X| |
|0| |X|X| | |0| |
|0| |0|0|X| |0| |
|X| |0|X|0|X|X| |
|0|X|X|0|X|0|0| |
|X|X|0|X|0|X|X| |
Game is over, stars are gone.
Exit from debug mode ...
1:'X' goes '2'	2:'0' goes '2'	3:'X' goes '2'	4:'0' goes '2'	5:'X' goes '4'	6:'0' goes '3'	7:'X' goes '3'	8:'0' goes '2'	9:'X' goes '2'	10:'0' goes '3'	11:'X' goes '4'	12:'0' goes '1'	13:'X' goes '2'	14:'0' goes '2'	15:'X' goes '3'	16:'0' goes '1'	17:'X' goes '3'	18:'0' goes '3'	19:'X' goes '3'	20:'0' goes '3'	21:'X' goes '7'	22:'0' goes '6'	23:'X' goes '7'	24:'0' goes '7'	25:'X' goes '7'	26:'0' goes '6'	27:'X' goes '6'	28:'0' goes '8'	29:'X' goes '6'	30:'0' goes '7'	31:'X' goes '6'	32:'0' goes '6'	33:'X' goes '6'	34:'0' goes '8'	35:'X' goes '8'	36:'0' goes '8'	37:'X' goes '5'	38:'0' goes '5'	39:'X' goes '6'	40:'0' goes '7'	41:'X' goes '7'	42:'0' goes '5'	43:'X' goes '5'	44:'0' goes '4'	45:'X' goes '4'	
 1 2 3 4 5 6 7 8
| |0|0| | |X| | |
| |X|X| | |X|X| |
| |X|0| | |0|0| |
| |0|X| | |X|0| |
| |0|X|X|X|X|X|0|
| |X|0|0|0|X|0|X|
|0|0|X|X|0|0|X|0|
|0|X|0|X|X|0|X|0|
Game is over, stars are gone.
Exit from debug mode ...
1:'X' goes '7'	2:'0' goes '7'	3:'X' goes '7'	4:'0' goes '7'	5:'X' goes '7'	6:'0' goes '7'	7:'X' goes '7'	8:'0' goes '7'	9:'X' goes '4'	10:'0' goes '4'	11:'X' goes '4'	12:'0' goes '4'	13:'X' goes '4'	14:'0' goes '4'	15:'X' goes '4'	16:'0' goes '4'	17:'X' goes '2'	18:'0' goes '5'	19:'X' goes '2'	20:'0' goes '2'	21:'X' goes '3'	22:'0' goes '1'	23:'X' goes '3'	24:'0' goes '3'	25:'X' goes '2'	26:'0' goes '1'	27:'X' goes '1'	28:'0' goes '3'	29:'X' goes '3'	30:'0' goes '2'	31:'X' goes '1'	32:'0' goes '1'	33:'X' goes '3'	34:'0' goes '3'	35:'X' goes '2'	36:'0' goes '2'	37:'X' goes '2'	38:'0' goes '5'	39:'X' goes '3'	40:'0' goes '1'	41:'X' goes '1'	42:'0' goes '1'	43:'X' goes '8'	44:'0' goes '8'	45:'X' goes '8'	46:'0' goes '8'	47:'X' goes '8'	48:'0' goes '8'	49:'X' goes '8'	50:'0' goes '8'	51:'X' goes '5'	52:'0' goes '5'	53:'X' goes '5'	54:'0' goes '5'	55:'X' goes '5'	56:'0' goes '5'	57:'X' goes '6'	58:'0' goes '6'	
 1 2 3 4 5 6 7 8
|0|X|X|0|0| |0|0|
|X|0|0|X|X| |X|X|
|0|X|X|0|0| |0|0|
|0|0|X|X|X| |X|X|
|X|X|0|0|0| |0|0|
|X|0|0|X|X| |X|X|
|0|X|X|0|0|0|0|0|
|0|X|X|X|0|X|X|X|
Game is over, stars are gone.
Exit from debug mode ...
1:'X' goes '8'	2:'0' goes '8'	3:'X' goes '7'	4:'0' goes '8'	5:'X' goes '8'	6:'0' goes '7'	7:'X' goes '6'	8:'0' goes '5'	9:'X' goes '6'	10:'0' goes '6'	11:'X' goes '7'	12:'0' goes '5'	13:'X' goes '5'	14:'0' goes '7'	15:'X' goes '4'	16:'0' goes '8'	
 1 2 3 4 5 6 7 8
|+|+|+|+|+|+|+|+|
|+|+|+|+|+|+|+| |
|+|+|+|+|+|+| | |
|+|+|+|+| | | |0|
|+|+| | | | |0|X|
|+|+| | |X|0|X|0|
|+|+| | |0|X|0|0|
|+| | |X|0|X|X|X|
Game is over, stars are gone.
Exit from debug mode ...
1:'X' goes '1'	2:'0' goes '1'	3:'X' goes '1'	4:'0' goes '1'	5:'X' goes '1'	6:'0' goes '2'	7:'X' goes '1'	8:'0' goes '1'	9:'X' goes '2'	10:'0' goes '1'	11:'X' goes '2'	12:'0' goes '2'	13:'X' goes '2'	14:'0' goes '2'	15:'X' goes '2'	16:'0' goes '2'	17:'X' goes '6'	18:'0' goes '6'	19:'X' goes '6'	20:'0' goes '6'	21:'X' goes '6'	22:'0' goes '6'	23:'X' goes '6'	24:'0' goes '6'	25:'X' goes '4'	26:'0' goes '5'	27:'X' goes '5'	28:'0' goes '4'	29:'X' goes '4'	30:'0' goes '5'	31:'X' goes '3'	32:'0' goes '7'	33:'X' goes '4'	34:'0' goes '5'	35:'X' goes '4'	36:'0' goes '4'	37:'X' goes '5'	38:'0' goes '5'	39:'X' goes '7'	40:'0' goes '5'	41:'X' goes '7'	42:'0' goes '7'	43:'X' goes '7'	
 1 2 3 4 5 6 7 8
|0|0| | | |0| |+|
|0|X| | |0|X| |+|
|X|0| |0|0|0| | |
|X|X| |X|X|X|X| |
|0|0| |X|0|0|0| |
|X|X| |X|0|X|X| |
|0|X| |0|X|0|X| |
|X|0|X|X|0|X|0| |
Game is over, stars are gone.
Exit from debug mode ...
1:'X' goes '2'	2:'0' goes '2'	3:'X' goes '2'	4:'0' goes '2'	5:'X' goes '2'	6:'0' goes '2'	7:'X' goes '3'	8:'0' goes '4'	9:'X' goes '3'	10:'0' goes '3'	11:'X' goes '4'	12:'0' goes '1'	13:'X' goes '2'	14:'0' goes '3'	15:'X' goes '3'	16:'0' goes '1'	17:'X' goes '1'	18:'0' goes '1'	19:'X' goes '1'	20:'0' goes '3'	21:'X' goes '1'	22:'0' goes '1'	23:'X' goes '2'	24:'0' goes '1'	25:'X' goes '3'	26:'0' goes '3'	27:'X' goes '6'	28:'0' goes '6'	29:'X' goes '6'	30:'0' goes '6'	31:'X' goes '8'	32:'0' goes '7'	33:'X' goes '7'	34:'0' goes '6'	35:'X' goes '6'	36:'0' goes '6'	37:'X' goes '7'	38:'0' goes '7'	39:'X' goes '8'	40:'0' goes '8'	41:'X' goes '8'	42:'0' goes '7'	43:'X' goes '7'	44:'0' goes '6'	45:'X' goes '5'	46:'0' goes '5'	47:'X' goes '5'	48:'0' goes '4'	49:'X' goes '5'	
 1 2 3 4 5 6 7 8
|0|X|0| | |0| | |
|0|X|X| | |0| | |
|X|0|0| | |X|X| |
|X|X|X| | |0|0| |
|0|0|0| |X|0|0|X|
|X|X|0|0|X|X|X|0|
|0|0|X|X|0|0|X|X|
|0|X|X|0|X|X|0|X|
Game is over, stars are gone.
Exit from debug mode ...
1:'X' goes '5'	2:'0' goes '5'	3:'X' goes '5'	4:'0' goes '5'	5:'X' goes '5'	6:'0' goes '5'	7:'X' goes '5'	8:'0' goes '5'	9:'X' goes '7'	10:'0' goes '6'	11:'X' goes '6'	12:'0' goes '2'	13:'X' goes '7'	14:'0' goes '7'	15:'X' goes '6'	16:'0' goes '6'	17:'X' goes '7'	18:'0' goes '6'	19:'X' goes '6'	20:'0' goes '7'	21:'X' goes '7'	22:'0' goes '7'	23:'X' goes '6'	24:'0' goes '6'	25:'X' goes '7'	26:'0' goes '2'	27:'X' goes '2'	28:'0' goes '2'	29:'X' goes '2'	30:'0' goes '4'	31:'X' goes '3'	32:'0' goes '3'	33:'X' goes '4'	34:'0' goes '4'	
 1 2 3 4 5 6 7 8
|+|+|+| |0|0|X| |
| | |+| |X|X|0| |
| | | | |0|X|X| |
| |X| | |X|0|0| |
| |0| | |0|0|X| |
| |X| |0|X|X|0| |
| |0|0|X|0|X|X| |
| |0|X|0|X|0|X| |
Game is over, stars are gone.
Exit from debug mode ...
1:'X' goes '8'	2:'0' goes '8'	3:'X' goes '8'	4:'0' goes '8'	5:'X' goes '8'	6:'0' goes '8'	7:'X' goes '8'	8:'0' goes '1'	9:'X' goes '8'	10:'0' goes '1'	11:'X' goes '1'	12:'0' goes '1'	13:'X' goes '1'	14:'0' goes '1'	15:'X' goes '6'	16:'0' goes '1'	17:'X' goes '1'	18:'0' goes '7'	19:'X' goes '6'	20:'0' goes '6'	21:'X' goes '7'	22:'0' goes '6'	23:'X' goes '6'	24:'0' goes '7'	25:'X' goes '7'	26:'0' goes '7'	27:'X' goes '6'	28:'0' goes '6'	29:'X' goes '2'	30:'0' goes '6'	31:'X' goes '2'	32:'0' goes '2'	33:'X' goes '2'	34:'0' goes '7'	35:'X' goes '7'	36:'0' goes '2'	37:'X' goes '7'	38:'0' goes '2'	39:'X' goes '2'	40:'0' goes '2'	41:'X' goes '3'	42:'0' goes '4'	43:'X' goes '3'	44:'0' goes '3'	45:'X' goes '3'	46:'0' goes '3'	47:'X' goes '4'	48:'0' goes '3'	49:'X' goes '5'	50:'0' goes '5'	51:'X' goes '5'	52:'0' goes '3'	53:'X' goes '3'	54:'0' goes '4'	55:'X' goes '4'	56:'0' goes '5'	57:'X' goes '5'	
 1 2 3 4 5 6 7 8
|X|0|X| | |0|X|X|
|0|X|0| | |0|X|X|
|0|0|0| | |X|0|0|
|X|0|0| |X|X|0|X|
|0|X|X|X|0|0|X|0|
|X|0|0|0|X|0|0|X|
|0|X|X|X|0|X|X|0|
|0|X|X|0|X|X|0|X|
Game is over, stars are gone.
Exit from debug mode ...
1:'X' goes '7'	2:'0' goes '7'	3:'X' goes '2'	4:'0' goes '7'	5:'X' goes '7'	6:'0' goes '2'	7:'X' goes '7'	8:'0' goes '7'	9:'X' goes '2'	10:'0' goes '7'	11:'X' goes '7'	12:'0' goes '2'	13:'X' goes '2'	14:'0' goes '2'	15:'X' goes '2'	16:'0' goes '2'	17:'X' goes '4'	18:'0' goes '3'	19:'X' goes '3'	20:'0' goes '3'	21:'X' goes '4'	22:'0' goes '1'	23:'X' goes '6'	24:'0' goes '5'	25:'X' goes '5'	26:'0' goes '6'	27:'X' goes '6'	
 1 2 3 4 5 6 7 8
| |0| |+|+| |X| |
| |X| |+|+| |0| |
| |0| |+|+| |0| |
| |X| | | | |X| |
| |0| | | | |X| |
| |X|0| | |X|0| |
| |0|X|X|X|0|0| |
|0|X|0|X|0|X|X| |
Game is over, stars are gone.
Exit from debug mode ...
1:'X' goes '8'	2:'0' goes '8'	3:'X' goes '8'	4:'0' goes '8'	5:'X' goes '8'	6:'0' goes '7'	7:'X' goes '8'	8:'0' goes '8'	9:'X' goes '8'	10:'0' goes '7'	11:'X' goes '7'	12:'0' goes '6'	13:'X' goes '5'	14:'0' goes '6'	15:'X' goes '5'	16:'0' goes '5'	17:'X' goes '6'	18:'0' goes '7'	19:'X' goes '6'	20:'0' goes '6'	21:'X' goes '1'	22:'0' goes '7'	23:'X' goes '7'	24:'0' goes '6'	25:'X' goes '6'	26:'0' goes '5'	27:'X' goes '5'	28:'0' goes '5'	29:'X' goes '5'	30:'0' goes '5'	31:'X' goes '7'	32:'0' goes '7'	33:'X' goes '6'	34:'0' goes '1'	35:'X' goes '1'	36:'0' goes '1'	37:'X' goes '1'	38:'0' goes '1'	39:'X' goes '1'	40:'0' goes '1'	41:'X' goes '3'	42:'0' goes '3'	43:'X' goes '4'	44:'0' goes '2'	45:'X' goes '2'	46:'0' goes '4'	47:'X' goes '4'	48:'0' goes '4'	
 1 2 3 4 5 6 7 8
|0| |+| |0|X|0|X|
|X| |+| |X|X|X|0|
|0| | | |0|0|X|X|
|X| | | |X|0|0|X|
|0| | |0|0|X|0|0|
|X| | |X|0|X|X|X|
|0|X|0|0|X|0|0|0|
|X|0|X|X|X|0|0|X|
Game is over, stars are gone.
Exit from debug mode ...
1:'X' goes '8'	2:'0' goes '8'	3:'X' goes '8'	4:'0' goes '5'	5:'X' goes '8'	6:'0' goes '8'	7:'X' goes '2'	8:'0' goes '8'	9:'X' goes '8'	10:'0' goes '5'	11:'X' goes '5'	12:'0' goes '2'	13:'X' goes '5'	14:'0' goes '5'	15:'X' goes '8'	16:'0' goes '2'	17:'X' goes '2'	18:'0' goes '5'	19:'X' goes '5'	20:'0' goes '2'	21:'X' goes '5'	22:'0' goes '2'	23:'X' goes '2'	24:'0' goes '2'	25:'X' goes '4'	26:'0' goes '3'	27:'X' goes '4'	28:'0' goes '4'	29:'X' goes '4'	30:'0' goes '6'	31:'X' goes '6'	32:'0' goes '7'	33:'X' goes '6'	34:'0' goes '7'	35:'X' goes '7'	
 1 2 3 4 5 6 7 8
| |0| | |X| | |X|
| |X| | |X| | |X|
| |0| | |0| | |0|
| |0| | |0| | |0|
| |X| |X|X| | |X|
| |0| |0|X|X|X|X|
| |0| |X|0|X|0|0|
| |X|0|X|0|0|0|X|
Game is over, stars are gone.
Exit from debug mode ...
1:'X' goes '4'	2:'0' goes '4'	3:'X' goes '4'	4:'0' goes '4'	5:'X' goes '8'	6:'0' goes '4'	7:'X' goes '4'	8:'0' goes '4'	9:'X' goes '8'	10:'0' goes '8'	11:'X' goes '4'	12:'0' goes '8'	13:'X' goes '8'	14:'0' goes '8'	15:'X' goes '8'	16:'0' goes '8'	17:'X' goes '5'	18:'0' goes '6'	19:'X' goes '3'	20:'0' goes '2'	21:'X' goes '3'	22:'0' goes '3'	23:'X' goes '2'	24:'0' goes '2'	25:'X' goes '2'	26:'0' goes '3'	27:'X' goes '3'	28:'0' goes '6'	29:'X' goes '6'	30:'0' goes '5'	31:'X' goes '5'	32:'0' goes '5'	33:'X' goes '6'	34:'0' goes '2'	35:'X' goes '3'	36:'0' goes '3'	37:'X' goes '2'	38:'0' goes '3'	39:'X' goes '2'	40:'0' goes '2'	41:'X' goes '6'	42:'0' goes '6'	43:'X' goes '5'	44:'0' goes '5'	
 1 2 3 4 5 6 7 8
| |0|0|X| | | |0|
| |X|0|0| | | |X|
| |X|X|X|0|0| |0|
| |0|X|0|X|X| |X|
| |X|0|0|0|X| |0|
| |0|0|X|X|X| |0|
| |X|X|0|0|0| |X|
| |0|X|X|X|0| |X|
Game is over, stars are gone.
Exit from debug mode ...
1:'X' goes '3'	2:'0' goes '3'	3:'X' goes '3'	4:'0' goes '3'	5:'X' goes '3'	6:'0' goes '3'	7:'X' goes '3'	8:'0' goes '5'	9:'X' goes '3'	10:'0' goes '5'	11:'X' goes '5'	12:'0' goes '6'	13:'X' goes '7'	14:'0' goes '6'	15:'X' goes '6'	16:'0' goes '4'	17:'X' goes '4'	18:'0' goes '4'	
 1 2 3 4 5 6 7 8
|+| |X| |+|+|+|+|
|+| |X| |+|+|+|+|
|+| |0| |+|+|+|+|
| | |X| | | | |+|
| | |0| | | | | |
| | |X|0|X|X| | |
| | |0|X|0|0| | |
| | |X|0|0|0|X| |
Game is over, stars are gone.
Exit from debug mode ...
1:'X' goes '1'	2:'0' goes '1'	3:'X' goes '1'	4:'0' goes '1'	5:'X' goes '1'	6:'0' goes '2'	7:'X' goes '2'	8:'0' goes '1'	9:'X' goes '2'	10:'0' goes '2'	11:'X' goes '1'	12:'0' goes '2'	13:'X' goes '2'	14:'0' goes '1'	15:'X' goes '2'	16:'0' goes '2'	17:'X' goes '3'	18:'0' goes '3'	19:'X' goes '3'	20:'0' goes '3'	21:'X' goes '3'	22:'0' goes '3'	23:'X' goes '3'	24:'0' goes '3'	25:'X' goes '6'	26:'0' goes '6'	27:'X' goes '6'	28:'0' goes '6'	29:'X' goes '6'	30:'0' goes '6'	31:'X' goes '6'	32:'0' goes '6'	33:'X' goes '8'	34:'0' goes '5'	35:'X' goes '5'	36:'0' goes '4'	37:'X' goes '5'	38:'0' goes '5'	39:'X' goes '8'	40:'0' goes '8'	41:'X' goes '8'	42:'0' goes '5'	43:'X' goes '5'	44:'0' goes '5'	45:'X' goes '8'	46:'0' goes '8'	47:'X' goes '5'	48:'0' goes '8'	49:'X' goes '8'	50:'0' goes '7'	51:'X' goes '7'	52:'0' goes '7'	53:'X' goes '7'	
 1 2 3 4 5 6 7 8
|0|0|0| |X|0| |X|
|X|X|X| |0|X| |0|
|0|X|0| |X|0| |0|
|X|0|X| |0|X| |X|
|0|0|0| |0|0|X|X|
|X|X|X| |X|X|0|0|
|0|X|0| |X|0|X|X|
|X|0|X|0|0|X|0|X|
Game is over, stars are gone.
Exit from debug mode ...
1:'X' goes '2'	2:'0' goes '2'	3:'X' goes '2'	4:'0' goes '2'	5:'X' goes '2'	6:'0' goes '2'	7:'X' goes '3'	8:'0' goes '4'	9:'X' goes '3'	10:'0' goes '3'	11:'X' goes '4'	12:'0' goes '1'	13:'X' goes '1'	14:'0' goes '3'	15:'X' goes '3'	16:'0' goes '2'	17:'X' goes '2'	18:'0' goes '7'	19:'X' goes '6'	20:'0' goes '7'	21:'X' goes '7'	22:'0' goes '6'	23:'X' goes '1'	24:'0' goes '1'	25:'X' goes '1'	26:'0' goes '6'	27:'X' goes '6'	28:'0' goes '8'	29:'X' goes '8'	30:'0' goes '7'	31:'X' goes '3'	32:'0' goes '5'	33:'X' goes '5'	34:'0' goes '5'	35:'X' goes '5'	36:'0' goes '4'	
 1 2 3 4 5 6 7 8
| |X| |+|+|+|+|+|
| |0| | |+|+|+|+|
| |0|X| | | | |+|
|X|X|X| | | | | |
|0|0|0| |X|X|0| |
|X|X|0|0|0|0|X| |
|X|0|X|X|X|0|0|X|
|0|X|X|0|0|X|0|0|
Game is over, stars are gone.
Exit from debug mode ...
1:'X' goes '2'	2:'0' goes '2'	3:'X' goes '2'	4:'0' goes '2'	5:'X' goes '2'	6:'0' goes '8'	7:'X' goes '2'	8:'0' goes '2'	9:'X' goes '2'	10:'0' goes '8'	11:'X' goes '8'	12:'0' goes '8'	13:'X' goes '8'	14:'0' goes '8'	15:'X' goes '8'	16:'0' goes '8'	17:'X' goes '7'	18:'0' goes '7'	19:'X' goes '7'	20:'0' goes '7'	21:'X' goes '7'	22:'0' goes '7'	23:'X' goes '7'	24:'0' goes '7'	25:'X' goes '1'	26:'0' goes '3'	27:'X' goes '1'	28:'0' goes '1'	29:'X' goes '3'	30:'0' goes '4'	31:'X' goes '5'	32:'0' goes '5'	33:'X' goes '5'	34:'0' goes '6'	35:'X' goes '6'	36:'0' goes '6'	
 1 2 3 4 5 6 7 8
| |X| |+|+| |0|0|
| |0| |+|+| |X|X|
| |X| |+|+| |0|0|
| |X| | | | |X|X|
| |0| | | | |0|0|
|0|X| | |X|0|X|X|
|X|0|X| |0|X|0|0|
|X|X|0|0|X|0|X|0|
Game is over, stars are gone.
Exit from debug mode ...
1:'X' goes '2'	2:'0' goes '2'	3:'X' goes '2'	4:'0' goes '2'	5:'X' goes '2'	6:'0' goes '2'	7:'X' goes '6'	8:'0' goes '2'	9:'X' goes '2'	10:'0' goes '8'	11:'X' goes '6'	12:'0' goes '6'	13:'X' goes '8'	14:'0' goes '6'	15:'X' goes '6'	16:'0' goes '8'	17:'X' goes '6'	18:'0' goes '6'	19:'X' goes '8'	20:'0' goes '6'	21:'X' goes '5'	22:'0' goes '4'	23:'X' goes '5'	24:'0' goes '5'	25:'X' goes '7'	26:'0' goes '7'	27:'X' goes '7'	
 1 2 3 4 5 6 7 8
| |X| |+| |0| |+|
| |0| |+| |0| | |
| |0| |+| |X| | |
| |X| | | |X| | |
| |0| | | |0| |X|
| |X| | |0|0|X|0|
| |0| | |X|X|0|X|
| |X| |0|X|X|X|0|
Game is over, stars are gone.
Exit from debug mode ...
1:'X' goes '6'	2:'0' goes '6'	3:'X' goes '6'	4:'0' goes '6'	5:'X' goes '6'	6:'0' goes '1'	7:'X' goes '6'	8:'0' goes '6'	9:'X' goes '1'	10:'0' goes '6'	11:'X' goes '1'	12:'0' goes '1'	13:'X' goes '1'	14:'0' goes '1'	15:'X' goes '1'	16:'0' goes '1'	17:'X' goes '4'	18:'0' goes '5'	19:'X' goes '5'	20:'0' goes '5'	21:'X' goes '4'	22:'0' goes '7'	23:'X' goes '7'	24:'0' goes '5'	25:'X' goes '5'	26:'0' goes '5'	27:'X' goes '5'	28:'0' goes '5'	29:'X' goes '3'	30:'0' goes '2'	31:'X' goes '3'	32:'0' goes '2'	33:'X' goes '3'	34:'0' goes '3'	35:'X' goes '2'	36:'0' goes '4'	37:'X' goes '4'	
 1 2 3 4 5 6 7 8
|0| |+| |0|0| |+|
|X| |+| |X|0| |+|
|0| | | |0|X| | |
|X| | | |X|X| | |
|0| |0|X|0|0| | |
|X|X|X|0|0|X| | |
|X|0|X|X|X|0|X| |
|0|0|X|X|0|X|0| |
Game is over, stars are gone.
Exit from debug mode ...
1:'X' goes '8'	2:'0' goes '8'	3:'X' goes '7'	4:'0' goes '6'	5:'X' goes '7'	6:'0' goes '7'	7:'X' goes '6'	8:'0' goes '6'	9:'X' goes '8'	10:'0' goes '6'	11:'X' goes '6'	12:'0' goes '7'	13:'X' goes '7'	14:'0' goes '5'	15:'X' goes '5'	16:'0' goes '5'	17:'X' goes '8'	18:'0' goes '3'	19:'X' goes '4'	20:'0' goes '4'	
 1 2 3 4 5 6 7 8
|+|+|+|+|+|+|+|+|
|+|+|+|+|+| | |+|
|+|+|+|+| | | | |
|+|+|+| | |X|X| |
|+| | | | |0|0|X|
|+| | | |0|0|0|X|
|+| | |0|X|X|X|0|
| | |0|X|0|0|X|X|
Game is over, stars are gone.
Exit from debug mode ...
1:'X' goes '4'	2:'0' goes '4'	3:'X' goes '4'	4:'0' goes '4'	5:'X' goes '4'	6:'0' goes '4'	7:'X' goes '4'	8:'0' goes '4'	9:'X' goes '5'	10:'0' goes '3'	11:'X' goes '6'	12:'0' goes '7'	13:'X' goes '5'	14:'0' goes '5'	15:'X' goes '6'	16:'0' goes '7'	17:'X' goes '7'	18:'0' goes '3'	19:'X' goes '7'	20:'0' goes '6'	21:'X' goes '6'	22:'0' goes '5'	23:'X' goes '8'	24:'0' goes '5'	25:'X' goes '5'	26:'0' goes '6'	27:'X' goes '7'	28:'0' goes '7'	29:'X' goes '6'	30:'0' goes '6'	31:'X' goes '5'	32:'0' goes '5'	33:'X' goes '6'	34:'0' goes '7'	35:'X' goes '7'	36:'0' goes '8'	37:'X' goes '2'	38:'0' goes '2'	39:'X' goes '3'	40:'0' goes '3'	41:'X' goes '3'	42:'0' goes '3'	43:'X' goes '3'	44:'0' goes '3'	45:'X' goes '8'	46:'0' goes '8'	47:'X' goes '8'	48:'0' goes '8'	49:'X' goes '8'	50:'0' goes '8'	51:'X' goes '2'	52:'0' goes '2'	
 1 2 3 4 5 6 7 8
|+| |0|0|0|X|X|0|
|+| |X|X|X|0|0|X|
| | |0|0|X|X|0|0|
| | |X|X|0|0|X|X|
| |0|0|0|0|X|X|0|
| |X|X|X|0|0|X|X|
| |0|0|0|X|X|0|0|
| |X|0|X|X|X|0|X|
Game is over, stars are gone.
Exit from debug mode ...
1:'X' goes '6'	2:'0' goes '6'	3:'X' goes '6'	4:'0' goes '6'	5:'X' goes '6'	6:'0' goes '6'	7:'X' goes '4'	8:'0' goes '5'	9:'X' goes '5'	10:'0' goes '6'	11:'X' goes '6'	12:'0' goes '5'	13:'X' goes '4'	14:'0' goes '7'	15:'X' goes '8'	16:'0' goes '7'	17:'X' goes '8'	18:'0' goes '8'	19:'X' goes '1'	20:'0' goes '8'	21:'X' goes '7'	22:'0' goes '7'	23:'X' goes '5'	24:'0' goes '3'	25:'X' goes '8'	26:'0' goes '7'	27:'X' goes '8'	28:'0' goes '7'	29:'X' goes '7'	30:'0' goes '8'	31:'X' goes '3'	32:'0' goes '4'	33:'X' goes '4'	34:'0' goes '3'	35:'X' goes '4'	36:'0' goes '4'	37:'X' goes '3'	38:'0' goes '5'	39:'X' goes '5'	40:'0' goes '5'	
 1 2 3 4 5 6 7 8
|+|+|+| | |X| | |
|+|+| | |0|0|X|0|
|+| | |0|X|0|0|X|
|+| | |X|0|X|0|X|
|+| |X|X|X|0|0|0|
| | |0|0|0|X|X|0|
| | |X|X|X|0|0|X|
|X| |0|X|0|X|0|X|
Game is over, stars are gone.
Exit from debug mode ...
1:'X' goes '4'	2:'0' goes '4'	3:'X' goes '4'	4:'0' goes '4'	5:'X' goes '4'	6:'0' goes '4'	7:'X' goes '4'	8:'0' goes '4'	9:'X' goes '5'	10:'0' goes '6'	11:'X' goes '3'	12:'0' goes '2'	13:'X' goes '5'	14:'0' goes '5'	15:'X' goes '6'	16:'0' goes '6'	17:'X' goes '6'	18:'0' goes '5'	19:'X' goes '5'	20:'0' goes '2'	21:'X' goes '2'	22:'0' goes '2'	23:'X' goes '3'	24:'0' goes '1'	25:'X' goes '3'	26:'0' goes '3'	
 1 2 3 4 5 6 7 8
|+|+| |0| |+|+|+|
|+|+| |X| |+|+|+|
|+| | |0| | |+|+|
| | | |X|X| | |+|
| |0|0|0|0|X| | |
| |X|X|X|0|0| | |
| |0|X|0|X|X| | |
|0|0|X|X|X|0| | |
Game is over, stars are gone.
Exit from debug mode ...
1:'X' goes '2'	2:'0' goes '3'	3:'X' goes '2'	4:'0' goes '2'	5:'X' goes '3'	6:'0' goes '2'	7:'X' goes '2'	8:'0' goes '8'	9:'X' goes '2'	10:'0' goes '2'	11:'X' goes '3'	12:'0' goes '3'	13:'X' goes '1'	14:'0' goes '1'	15:'X' goes '1'	16:'0' goes '1'	17:'X' goes '2'	18:'0' goes '3'	19:'X' goes '3'	20:'0' goes '8'	21:'X' goes '8'	22:'0' goes '1'	23:'X' goes '1'	24:'0' goes '1'	25:'X' goes '3'	26:'0' goes '3'	27:'X' goes '8'	28:'0' goes '8'	29:'X' goes '4'	30:'0' goes '4'	31:'X' goes '8'	32:'0' goes '1'	33:'X' goes '8'	34:'0' goes '8'	35:'X' goes '6'	36:'0' goes '5'	37:'X' goes '6'	38:'0' goes '6'	39:'X' goes '7'	40:'0' goes '7'	41:'X' goes '7'	42:'0' goes '6'	43:'X' goes '7'	44:'0' goes '5'	45:'X' goes '5'	46:'0' goes '5'	
 1 2 3 4 5 6 7 8
|0|X|0| |+|+| |0|
|0|0|X| |+|+| |X|
|X|X|X| | | | |X|
|0|X|0| | | | |0|
|0|0|0| |0|0|X|X|
|X|0|X| |X|0|X|X|
|0|X|X|0|0|X|0|0|
|X|X|0|X|0|X|X|0|
Game is over, stars are gone.
Exit from debug mode ...
1:'X' goes '3'	2:'0' goes '3'	3:'X' goes '3'	4:'0' goes '3'	5:'X' goes '3'	6:'0' goes '3'	7:'X' goes '7'	8:'0' goes '7'	9:'X' goes '7'	10:'0' goes '6'	11:'X' goes '6'	12:'0' goes '5'	13:'X' goes '7'	14:'0' goes '7'	15:'X' goes '6'	16:'0' goes '6'	17:'X' goes '5'	18:'0' goes '4'	19:'X' goes '5'	20:'0' goes '5'	21:'X' goes '4'	22:'0' goes '4'	23:'X' goes '4'	
 1 2 3 4 5 6 7 8
|+|+| | |+|+|+|+|
|+| | | |+|+| |+|
|+| |0| | | | | |
|+| |X| | | |0| |
| | |0|X|0|0|X| |
| | |X|0|X|X|X| |
| | |0|X|X|X|0| |
| | |X|0|0|0|X| |
Game is over, stars are gone.
Exit from debug mode ...
1:'X' goes '8'	2:'0' goes '8'	3:'X' goes '8'	4:'0' goes '8'	5:'X' goes '8'	6:'0' goes '8'	7:'X' goes '8'	8:'0' goes '8'	9:'X' goes '5'	10:'0' goes '5'	11:'X' goes '5'	12:'0' goes '5'	13:'X' goes '5'	14:'0' goes '5'	15:'X' goes '5'	16:'0' goes '5'	17:'X' goes '4'	18:'0' goes '6'	19:'X' goes '3'	20:'0' goes '2'	21:'X' goes '4'	22:'0' goes '4'	23:'X' goes '3'	24:'0' goes '4'	25:'X' goes '4'	26:'0' goes '2'	27:'X' goes '2'	28:'0' goes '1'	29:'X' goes '3'	30:'0' goes '3'	
 1 2 3 4 5 6 7 8
|+|+|+| |0| | |0|
|+|+|+| |X| | |X|
|+| | | |0| | |0|
|+| | |X|X| | |X|
| | |0|0|0| | |0|
| |X|X|0|X| | |X|
| |0|X|X|0| | |0|
|0|0|X|X|X|0| |X|
Game is over, stars are gone.
Exit from debug mode ...
1:'X' goes '7'	2:'0' goes '7'	3:'X' goes '7'	4:'0' goes '7'	5:'X' goes '2'	6:'0' goes '7'	7:'X' goes '7'	8:'0' goes '2'	9:'X' goes '7'	10:'0' goes '7'	11:'X' goes '5'	12:'0' goes '6'	13:'X' goes '6'	14:'0' goes '2'	15:'X' goes '2'	16:'0' goes '2'	17:'X' goes '5'	18:'0' goes '3'	19:'X' goes '6'	20:'0' goes '5'	21:'X' goes '2'	22:'0' goes '6'	23:'X' goes '5'	24:'0' goes '6'	25:'X' goes '6'	26:'0' goes '5'	27:'X' goes '5'	28:'0' goes '3'	29:'X' goes '3'	30:'0' goes '6'	31:'X' goes '5'	32:'0' goes '5'	33:'X' goes '6'	34:'0' goes '3'	35:'X' goes '2'	36:'0' goes '2'	37:'X' goes '1'	38:'0' goes '1'	39:'X' goes '1'	40:'0' goes '1'	41:'X' goes '4'	42:'0' goes '4'	
 1 2 3 4 5 6 7 8
| |0| | |0|X|0| |
| |X| | |X|0|X| |
| |X| | |X|X|X| |
| |0| | |0|0|0| |
|0|X|0| |X|0|0| |
|X|0|X| |0|X|X| |
|0|0|0|0|X|X|0| |
|X|X|0|X|X|0|X| |
Game is over, stars are gone.
Exit from debug mode ...
1:'X' goes '5'	2:'0' goes '5'	3:'X' goes '5'	4:'0' goes '5'	5:'X' goes '5'	6:'0' goes '5'	7:'X' goes '5'	8:'0' goes '5'	9:'X' goes '2'	10:'0' goes '2'	11:'X' goes '2'	12:'0' goes '2'	13:'X' goes '2'	14:'0' goes '2'	15:'X' goes '2'	16:'0' goes '2'	17:'X' goes '8'	18:'0' goes '8'	19:'X' goes '6'	20:'0' goes '7'	21:'X' goes '4'	22:'0' goes '3'	23:'X' goes '3'	24:'0' goes '8'	25:'X' goes '8'	26:'0' goes '7'	27:'X' goes '6'	28:'0' goes '7'	29:'X' goes '7'	30:'0' goes '6'	31:'X' goes '4'	32:'0' goes '4'	33:'X' goes '7'	34:'0' goes '6'	35:'X' goes '6'	36:'0' goes '6'	37:'X' goes '8'	
 1 2 3 4 5 6 7 8
| |0| | |0| |+|+|
| |X| | |X| | | |
| |0| | |0|0| | |
| |X| | |X|X|X|X|
| |0| | |0|0|X|X|
| |X| |0|X|0|0|0|
| |0|X|X|0|X|0|0|
| |X|0|X|X|X|0|X|
Game is over, stars are gone.
Exit from debug mode ...
1:'X' goes '7'	2:'0' goes '7'	3:'X' goes '7'	4:'0' goes '7'	5:'X' goes '7'	6:'0' goes '7'	7:'X' goes '7'	8:'0' goes '7'	9:'X' goes '6'	10:'0' goes '5'	11:'X' goes '6'	12:'0' goes '6'	13:'X' goes '5'	14:'0' goes '8'	15:'X' goes '6'	16:'0' goes '8'	17:'X' goes '8'	18:'0' goes '8'	19:'X' goes '8'	20:'0' goes '8'	21:'X' goes '6'	22:'0' goes '6'	23:'X' goes '8'	24:'0' goes '6'	25:'X' goes '6'	26:'0' goes '4'	27:'X' goes '4'	28:'0' goes '5'	29:'X' goes '5'	30:'0' goes '5'	31:'X' goes '5'	32:'0' goes '4'	33:'X' goes '4'	34:'0' goes '4'	35:'X' goes '8'	36:'0' goes '4'	37:'X' goes '4'	38:'0' goes '5'	39:'X' goes '4'	40:'0' goes '5'	41:'X' goes '2'	42:'0' goes '2'	43:'X' goes '2'	44:'0' goes '2'	45:'X' goes '2'	46:'0' goes '2'	47:'X' goes '2'	48:'0' goes '2'	49:'X' goes '1'	50:'0' goes '1'	51:'X' goes '1'	52:'0' goes '1'	53:'X' goes '1'	54:'0' goes '1'	55:'X' goes '1'	56:'0' goes '1'	57:'X' goes '3'	58:'0' goes '3'	59:'X' goes '3'	60:'0' goes '3'	61:'X' goes '3'	62:'0' goes '3'	
 1 2 3 4 5 6 7 8
|0|0| |X|0|X|0|X|
|X|X| |X|0|0|X|X|
|0|0|0|0|X|0|0|0|
|X|X|X|0|0|X|X|X|
|0|0|0|X|X|X|0|0|
|X|X|X|0|0|0|X|X|
|0|0|0|X|X|X|0|0|
|X|X|X|0|0|X|X|0|
Game is over, stars are gone.
Exit from debug mode ...
1:'X' goes '2'	2:'0' goes '8'	3:'X' goes '2'	4:'0' goes '2'	5:'X' goes '2'	6:'0' goes '8'	7:'X' goes '8'	8:'0' goes '2'	9:'X' goes '8'	10:'0' goes '8'	11:'X' goes '6'	12:'0' goes '8'	13:'X' goes '8'	14:'0' goes '2'	15:'X' goes '2'	16:'0' goes '3'	17:'X' goes '8'	18:'0' goes '3'	19:'X' goes '3'	20:'0' goes '4'	21:'X' goes '4'	22:'0' goes '5'	23:'X' goes '1'	24:'0' goes '5'	25:'X' goes '5'	26:'0' goes '5'	27:'X' goes '4'	28:'0' goes '4'	29:'X' goes '3'	30:'0' goes '3'	31:'X' goes '4'	32:'0' goes '5'	33:'X' goes '5'	34:'0' goes '3'	35:'X' goes '3'	36:'0' goes '4'	37:'X' goes '2'	38:'0' goes '4'	39:'X' goes '1'	40:'0' goes '1'	41:'X' goes '1'	42:'0' goes '1'	43:'X' goes '1'	44:'0' goes '1'	
 1 2 3 4 5 6 7 8
| |X| | | | | |X|
|0|X|X|0| | | |X|
|X|0|0|0|X| | |0|
|0|0|0|X|0| | |0|
|X|X|X|0|0| | |X|
|0|0|X|X|X| | |X|
|X|X|0|X|0| | |0|
|X|X|0|0|0|X| |0|
Game is over, stars are gone.
Exit from debug mode ...
1:'X' goes '2'	2:'0' goes '2'	3:'X' goes '2'	4:'0' goes '2'	5:'X' goes '2'	6:'0' goes '2'	7:'X' goes '2'	8:'0' goes '2'	9:'X' goes '5'	10:'0' goes '5'	11:'X' goes '5'	12:'0' goes '5'	13:'X' goes '6'	14:'0' goes '7'	15:'X' goes '4'	16:'0' goes '3'	17:'X' goes '3'	18:'0' goes '7'	19:'X' goes '6'	20:'0' goes '7'	21:'X' goes '7'	22:'0' goes '6'	23:'X' goes '8'	24:'0' goes '6'	25:'X' goes '6'	26:'0' goes '5'	27:'X' goes '8'	28:'0' goes '8'	29:'X' goes '5'	30:'0' goes '8'	31:'X' goes '8'	32:'0' goes '6'	33:'X' goes '7'	34:'0' goes '7'	35:'X' goes '8'	36:'0' goes '8'	37:'X' goes '3'	38:'0' goes '3'	39:'X' goes '5'	40:'0' goes '5'	41:'X' goes '3'	42:'0' goes '6'	43:'X' goes '4'	44:'0' goes '4'	45:'X' goes '4'	
 1 2 3 4 5 6 7 8
| |0| | |0| | | |
| |X| | |X|0| |0|
| |0| | |X|0|0|X|
| |X|X| |0|X|X|X|
| |0|0|X|0|0|X|0|
| |X|X|0|X|0|0|0|
| |0|X|X|0|X|0|X|
| |X|0|X|X|X|0|X|
Game is over, stars are gone.
Exit from debug mode ...
1:'X' goes '2'	2:'0' goes '2'	3:'X' goes '2'	4:'0' goes '2'	5:'X' goes '2'	6:'0' goes '2'	7:'X' goes '2'	8:'0' goes '2'	9:'X' goes '6'	10:'0' goes '6'	11:'X' goes '6'	12:'0' goes '7'	13:'X' goes '6'	14:'0' goes '6'	15:'X' goes '7'	16:'0' goes '8'	17:'X' goes '7'	18:'0' goes '7'	19:'X' goes '8'	20:'0' goes '6'	21:'X' goes '6'	22:'0' goes '7'	23:'X' goes '7'	24:'0' goes '8'	25:'X' goes '8'	26:'0' goes '8'	27:'X' goes '7'	28:'0' goes '7'	29:'X' goes '6'	30:'0' goes '8'	31:'X' goes '8'	32:'0' goes '4'	33:'X' goes '8'	34:'0' goes '4'	35:'X' goes '4'	36:'0' goes '4'	37:'X' goes '3'	38:'0' goes '3'	39:'X' goes '3'	40:'0' goes '5'	41:'X' goes '5'	42:'0' goes '5'	
 1 2 3 4 5 6 7 8
| |0| |+| |X|0|X|
| |X| |+| |X|X|X|
| |0| | | |0|X|0|
| |X| | | |0|0|0|
| |0| |0| |X|0|X|
| |X|X|X|0|X|X|0|
| |0|0|0|X|0|X|X|
| |X|X|0|0|X|0|0|
Game is over, stars are gone.
Exit from debug mode ...
1:'X' goes '7'	2:'0' goes '7'	3:'X' goes '1'	4:'0' goes '7'	5:'X' goes '7'	6:'0' goes '1'	7:'X' goes '7'	8:'0' goes '7'	9:'X' goes '1'	10:'0' goes '7'	11:'X' goes '7'	12:'0' goes '6'	13:'X' goes '6'	14:'0' goes '6'	15:'X' goes '8'	16:'0' goes '6'	17:'X' goes '6'	18:'0' goes '8'	19:'X' goes '8'	20:'0' goes '1'	21:'X' goes '1'	22:'0' goes '1'	23:'X' goes '6'	24:'0' goes '6'	25:'X' goes '8'	26:'0' goes '8'	27:'X' goes '6'	28:'0' goes '8'	29:'X' goes '8'	30:'0' goes '8'	31:'X' goes '1'	32:'0' goes '1'	33:'X' goes '5'	34:'0' goes '5'	35:'X' goes '5'	36:'0' goes '3'	37:'X' goes '3'	38:'0' goes '4'	39:'X' goes '4'	40:'0' goes '3'	41:'X' goes '4'	42:'0' goes '5'	43:'X' goes '4'	
 1 2 3 4 5 6 7 8
|0| |+|+| |X|X|0|
|X| |+| | |0|0|X|
|0| |+| | |X|0|0|
|X| | | | |X|X|0|
|0| | |X|0|0|X|X|
|X| |0|X|X|0|0|X|
|0| |X|X|0|X|0|0|
|X| |0|0|X|0|X|X|
Game is over, stars are gone.
Exit from debug mode ...
1:'X' goes '8'	2:'0' goes '1'	3:'X' goes '8'	4:'0' goes '8'	5:'X' goes '1'	6:'0' goes '8'	7:'X' goes '8'	8:'0' goes '8'	9:'X' goes '1'	10:'0' goes '1'	11:'X' goes '1'	12:'0' goes '8'	13:'X' goes '8'	14:'0' goes '1'	15:'X' goes '7'	16:'0' goes '6'	17:'X' goes '7'	18:'0' goes '7'	19:'X' goes '7'	20:'0' goes '1'	21:'X' goes '1'	22:'0' goes '6'	23:'X' goes '5'	24:'0' goes '6'	25:'X' goes '6'	26:'0' goes '4'	27:'X' goes '6'	28:'0' goes '6'	29:'X' goes '7'	30:'0' goes '7'	31:'X' goes '6'	32:'0' goes '4'	33:'X' goes '4'	34:'0' goes '5'	35:'X' goes '5'	36:'0' goes '2'	37:'X' goes '3'	38:'0' goes '3'	
 1 2 3 4 5 6 7 8
|X| |+|+| | | |X|
|0| |+|+| |X| |0|
|0| |+|+| |0|0|0|
|X| | | | |X|X|X|
|0| | | | |X|X|0|
|X| | |X|X|0|0|0|
|X| |0|0|0|0|X|X|
|0|0|X|0|X|0|X|X|
Game is over, stars are gone.
Exit from debug mode ...
1:'X' goes '1'	2:'0' goes '1'	3:'X' goes '1'	4:'0' goes '1'	5:'X' goes '3'	6:'0' goes '2'	7:'X' goes '3'	8:'0' goes '3'	9:'X' goes '1'	10:'0' goes '2'	11:'X' goes '2'	12:'0' goes '3'	13:'X' goes '3'	14:'0' goes '3'	15:'X' goes '1'	16:'0' goes '2'	17:'X' goes '1'	18:'0' goes '1'	19:'X' goes '3'	20:'0' goes '2'	21:'X' goes '2'	22:'0' goes '2'	23:'X' goes '3'	24:'0' goes '2'	25:'X' goes '6'	26:'0' goes '8'	27:'X' goes '6'	28:'0' goes '6'	29:'X' goes '8'	30:'0' goes '6'	31:'X' goes '6'	32:'0' goes '8'	33:'X' goes '6'	34:'0' goes '6'	35:'X' goes '6'	36:'0' goes '8'	37:'X' goes '8'	38:'0' goes '8'	39:'X' goes '8'	40:'0' goes '8'	41:'X' goes '4'	42:'0' goes '5'	43:'X' goes '4'	44:'0' goes '5'	45:'X' goes '4'	46:'0' goes '4'	
 1 2 3 4 5 6 7 8
|0|0|X| | |X| |0|
|X|0|X| | |0| |X|
|X|X|0| | |X| |0|
|X|0|X| | |X| |X|
|0|0|0|0| |0| |0|
|X|X|0|X| |0| |0|
|0|0|X|X|0|X| |X|
|X|0|X|X|0|X| |0|
Game is over, stars are gone.
Exit from debug mode ...
1:'X' goes '3'	2:'0' goes '3'	3:'X' goes '3'	4:'0' goes '3'	5:'X' goes '3'	6:'0' goes '3'	7:'X' goes '3'	8:'0' goes '8'	9:'X' goes '3'	10:'0' goes '8'	11:'X' goes '8'	12:'0' goes '4'	13:'X' goes '8'	14:'0' goes '8'	15:'X' goes '1'	16:'0' goes '4'	17:'X' goes '4'	18:'0' goes '8'	19:'X' goes '8'	20:'0' goes '8'	21:'X' goes '4'	22:'0' goes '4'	23:'X' goes '1'	24:'0' goes '1'	25:'X' goes '4'	26:'0' goes '1'	27:'X' goes '1'	28:'0' goes '4'	29:'X' goes '1'	30:'0' goes '1'	31:'X' goes '5'	32:'0' goes '5'	33:'X' goes '5'	34:'0' goes '5'	35:'X' goes '5'	36:'0' goes '5'	37:'X' goes '4'	38:'0' goes '5'	39:'X' goes '5'	40:'0' goes '7'	41:'X' goes '7'	42:'0' goes '7'	43:'X' goes '7'	44:'0' goes '7'	45:'X' goes '7'	46:'0' goes '7'	47:'X' goes '7'	48:'0' goes '1'	49:'X' goes '6'	50:'0' goes '6'	
 1 2 3 4 5 6 7 8
|0| |X|X|X| |X|0|
|0| |X|0|0| |0|X|
|X| |0|X|0| |X|0|
|X| |X|0|X| |0|0|
|0| |0|X|0| |X|X|
|0| |X|X|X| |0|X|
|X| |0|0|0|0|X|0|
|X| |X|0|X|X|0|0|
Game is over, stars are gone.
Exit from debug mode ...
1:'X' goes '3'	2:'0' goes '3'	3:'X' goes '3'	4:'0' goes '3'	5:'X' goes '3'	6:'0' goes '3'	7:'X' goes '4'	8:'0' goes '5'	9:'X' goes '2'	10:'0' goes '1'	11:'X' goes '2'	12:'0' goes '2'	13:'X' goes '1'	14:'0' goes '5'	15:'X' goes '5'	16:'0' goes '4'	17:'X' goes '4'	18:'0' goes '4'	19:'X' goes '5'	20:'0' goes '4'	21:'X' goes '4'	22:'0' goes '2'	23:'X' goes '2'	24:'0' goes '3'	25:'X' goes '3'	26:'0' goes '4'	27:'X' goes '2'	28:'0' goes '2'	29:'X' goes '4'	30:'0' goes '5'	31:'X' goes '5'	32:'0' goes '5'	
 1 2 3 4 5 6 7 8
| | |X|X| | |+|+|
| |0|0|0|0| |+|+|
| |X|0|X|X| |+|+|
| |X|X|0|0| |+|+|
| |0|0|0|X| | |+|
| |0|X|X|X| | |+|
|X|X|0|0|0| | |+|
|0|X|X|X|0| | |+|
Game is over, stars are gone.
Exit from debug mode ...
1:'X' goes '2'	2:'0' goes '2'	3:'X' goes '2'	4:'0' goes '2'	5:'X' goes '2'	6:'0' goes '2'	7:'X' goes '2'	8:'0' goes '2'	9:'X' goes '3'	10:'0' goes '4'	11:'X' goes '3'	12:'0' goes '3'	13:'X' goes '4'	14:'0' goes '1'	15:'X' goes '1'	16:'0' goes '3'	17:'X' goes '3'	18:'0' goes '1'	19:'X' goes '3'	20:'0' goes '3'	21:'X' goes '1'	22:'0' goes '3'	23:'X' goes '1'	24:'0' goes '1'	25:'X' goes '1'	26:'0' goes '1'	27:'X' goes '5'	28:'0' goes '5'	29:'X' goes '5'	30:'0' goes '4'	31:'X' goes '4'	32:'0' goes '6'	
 1 2 3 4 5 6 7 8
|0|0|0| |+|+|+|+|
|X|X|0| |+|+|+|+|
|0|0|X| |+|+|+|+|
|X|X|X| | |+|+|+|
|X|0|0|X| | | |+|
|0|X|0|0|X| | |+|
|X|0|X|X|0| | |+|
|0|X|X|0|X|0| | |
Game is over, stars are gone.
Exit from debug mode ...
1:'X' goes '5'	2:'0' goes '5'	3:'X' goes '7'	4:'0' goes '6'	5:'X' goes '7'	6:'0' goes '7'	7:'X' goes '3'	8:'0' goes '4'	9:'X' goes '3'	10:'0' goes '3'	11:'X' goes '6'	12:'0' goes '6'	13:'X' goes '7'	14:'0' goes '5'	15:'X' goes '5'	16:'0' goes '6'	17:'X' goes '7'	18:'0' goes '5'	19:'X' goes '6'	20:'0' goes '8'	21:'X' goes '8'	22:'0' goes '8'	
 1 2 3 4 5 6 7 8
|+|+|+|+|+|+|+|+|
|+|+|+|+| | | |+|
|+|+|+| | | | | |
|+|+| | |0|X|X| |
|+| | | |X|0|X| |
|+| |0| |0|0|0|0|
| | |X| |0|X|X|X|
| | |X|0|X|0|X|0|
Game is over, stars are gone.
Exit from debug mode ...
1:'X' goes '1'	2:'0' goes '1'	3:'X' goes '1'	4:'0' goes '6'	5:'X' goes '1'	6:'0' goes '1'	7:'X' goes '1'	8:'0' goes '6'	9:'X' goes '1'	10:'0' goes '3'	11:'X' goes '3'	12:'0' goes '3'	13:'X' goes '6'	14:'0' goes '3'	15:'X' goes '3'	16:'0' goes '1'	17:'X' goes '6'	18:'0' goes '6'	19:'X' goes '3'	20:'0' goes '3'	21:'X' goes '3'	22:'0' goes '6'	23:'X' goes '6'	24:'0' goes '6'	25:'X' goes '2'	26:'0' goes '2'	27:'X' goes '2'	28:'0' goes '4'	29:'X' goes '5'	30:'0' goes '4'	31:'X' goes '2'	32:'0' goes '4'	33:'X' goes '5'	34:'0' goes '4'	
 1 2 3 4 5 6 7 8
|0| |X| | |0| |+|
|X| |0| | |X| |+|
|X| |X| | |0| | |
|0| |X| | |0| | |
|X|X|0|0| |X| | |
|X|X|0|0| |X| | |
|0|0|X|0|X|0| | |
|X|X|0|0|X|0| | |
Game is over, stars are gone.
Exit from debug mode ...
1:'X' goes '2'	2:'0' goes '2'	3:'X' goes '2'	4:'0' goes '2'	5:'X' goes '2'	6:'0' goes '2'	7:'X' goes '2'	8:'0' goes '2'	9:'X' goes '5'	10:'0' goes '5'	11:'X' goes '5'	12:'0' goes '5'	13:'X' goes '5'	14:'0' goes '5'	15:'X' goes '5'	16:'0' goes '5'	17:'X' goes '6'	18:'0' goes '7'	19:'X' goes '4'	20:'0' goes '3'	21:'X' goes '3'	22:'0' goes '7'	23:'X' goes '7'	24:'0' goes '6'	25:'X' goes '4'	26:'0' goes '6'	27:'X' goes '8'	28:'0' goes '8'	
 1 2 3 4 5 6 7 8
| |0| | |0| |+|+|
| |X| | |X| |+|+|
| |0| | |0| |+|+|
| |X| | |X| | | |
| |0| | |0| | | |
| |X| | |X|0|X| |
| |0|X|X|0|0|0|0|
| |X|0|X|X|X|0|X|
Game is over, stars are gone.
Exit from debug mode ...
1:'X' goes '6'	2:'0' goes '6'	3:'X' goes '6'	4:'0' goes '2'	5:'X' goes '6'	6:'0' goes '2'	7:'X' goes '2'	8:'0' goes '6'	9:'X' goes '2'	10:'0' goes '2'	11:'X' goes '7'	12:'0' goes '5'	13:'X' goes '7'	14:'0' goes '7'	15:'X' goes '3'	16:'0' goes '6'	17:'X' goes '8'	18:'0' goes '6'	19:'X' goes '6'	20:'0' goes '5'	21:'X' goes '3'	22:'0' goes '3'	23:'X' goes '4'	24:'0' goes '1'	25:'X' goes '4'	26:'0' goes '5'	27:'X' goes '5'	
 1 2 3 4 5 6 7 8
|+|+|+|+| |X| |+|
| | |+|+| |0| |+|
| | | |+| |0| |+|
| |0| | | |0| | |
| |X| | |X|X| | |
| |X|0| |0|X|0| |
| |0|X|X|0|0|X| |
|0|0|X|X|0|X|X|X|
Game is over, stars are gone.
Exit from debug mode ...
1:'X' goes '6'	2:'0' goes '6'	3:'X' goes '6'	4:'0' goes '6'	5:'X' goes '6'	6:'0' goes '6'	7:'X' goes '6'	8:'0' goes '6'	9:'X' goes '1'	10:'0' goes '1'	11:'X' goes '1'	12:'0' goes '1'	13:'X' goes '1'	14:'0' goes '1'	15:'X' goes '1'	16:'0' goes '1'	17:'X' goes '2'	18:'0' goes '3'	19:'X' goes '2'	20:'0' goes '2'	21:'X' goes '3'	22:'0' goes '3'	23:'X' goes '3'	24:'0' goes '2'	25:'X' goes '2'	26:'0' goes '8'	27:'X' goes '3'	28:'0' goes '3'	29:'X' goes '2'	30:'0' goes '2'	31:'X' goes '4'	32:'0' goes '5'	33:'X' goes '4'	34:'0' goes '5'	35:'X' goes '4'	36:'0' goes '4'	37:'X' goes '4'	
 1 2 3 4 5 6 7 8
|0| | |+| |0| |+|
|X|0| | | |X| |+|
|0|X|0| | |0| |+|
|X|X|X|X| |X| | |
|0|0|X|0| |0| | |
|X|0|0|X| |X| | |
|0|X|X|X|0|0| | |
|X|X|0|X|0|X| |0|
Game is over, stars are gone.
Exit from debug mode ...
1:'X' goes '2'	2:'0' goes '2'	3:'X' goes '2'	4:'0' goes '2'	5:'X' goes '2'	6:'0' goes '2'	7:'X' goes '8'	8:'0' goes '2'	9:'X' goes '2'	10:'0' goes '8'	11:'X' goes '8'	12:'0' goes '8'	13:'X' goes '1'	14:'0' goes '3'	15:'X' goes '1'	16:'0' goes '1'	17:'X' goes '3'	18:'0' goes '1'	19:'X' goes '1'	20:'0' goes '8'	21:'X' goes '8'	22:'0' goes '4'	23:'X' goes '5'	24:'0' goes '4'	25:'X' goes '4'	26:'0' goes '5'	27:'X' goes '3'	28:'0' goes '5'	29:'X' goes '5'	
 1 2 3 4 5 6 7 8
| |X| |+|+|+|+| |
| |0| |+|+|+| | |
| |0| | | |+| |X|
|X|X| | | | | |0|
|0|0| | |X| | |0|
|0|X|X|X|0| | |X|
|X|0|X|0|0| | |0|
|X|X|0|0|X| | |X|
Game is over, stars are gone.
Exit from debug mode ...
1:'X' goes '5'	2:'0' goes '3'	3:'X' goes '5'	4:'0' goes '5'	5:'X' goes '3'	6:'0' goes '5'	7:'X' goes '5'	8:'0' goes '5'	9:'X' goes '3'	10:'0' goes '3'	11:'X' goes '5'	12:'0' goes '3'	13:'X' goes '3'	14:'0' goes '3'	15:'X' goes '5'	16:'0' goes '3'	17:'X' goes '4'	18:'0' goes '4'	19:'X' goes '4'	20:'0' goes '4'	21:'X' goes '4'	22:'0' goes '4'	23:'X' goes '4'	24:'0' goes '4'	25:'X' goes '7'	26:'0' goes '6'	27:'X' goes '6'	28:'0' goes '7'	29:'X' goes '7'	30:'0' goes '6'	31:'X' goes '6'	32:'0' goes '8'	
 1 2 3 4 5 6 7 8
|+| |0|0|X| |+|+|
|+| |0|X|X| |+|+|
|+| |X|0|0| |+|+|
| | |0|X|X| | |+|
| | |0|0|0|X| | |
| | |X|X|0|0|X| |
| | |X|0|X|X|0| |
| | |0|X|X|0|X|0|
Game is over, stars are gone.
Exit from debug mode ...
1:'X' goes '3'	2:'0' goes '3'	3:'X' goes '7'	4:'0' goes '3'	5:'X' goes '3'	6:'0' goes '3'	7:'X' goes '7'	8:'0' goes '7'	9:'X' goes '7'	10:'0' goes '3'	11:'X' goes '3'	12:'0' goes '2'	13:'X' goes '7'	14:'0' goes '7'	15:'X' goes '3'	16:'0' goes '2'	17:'X' goes '2'	18:'0' goes '1'	19:'X' goes '1'	20:'0' goes '7'	21:'X' goes '7'	22:'0' goes '5'	23:'X' goes '5'	24:'0' goes '5'	25:'X' goes '5'	26:'0' goes '5'	27:'X' goes '2'	28:'0' goes '2'	29:'X' goes '1'	30:'0' goes '1'	31:'X' goes '1'	32:'0' goes '2'	33:'X' goes '2'	34:'0' goes '1'	35:'X' goes '1'	36:'0' goes '5'	37:'X' goes '5'	38:'0' goes '4'	39:'X' goes '4'	40:'0' goes '5'	41:'X' goes '6'	42:'0' goes '4'	43:'X' goes '6'	
 1 2 3 4 5 6 7 8
| | |X| |0| |X| |
|X|X|X| |X| |0| |
|0|0|0| |0| |0| |
|X|0|0| |0| |X| |
|0|X|X| |X| |X| |
|X|X|0|0|0| |0| |
|X|0|0|X|X|X|X| |
|0|0|X|0|0|X|X| |
Game is over, stars are gone.
Exit from debug mode ...
1:'X' goes '3'	2:'0' goes '3'	3:'X' goes '3'	4:'0' goes '3'	5:'X' goes '3'	6:'0' goes '3'	7:'X' goes '3'	8:'0' goes '1'	9:'X' goes '3'	10:'0' goes '1'	11:'X' goes '1'	12:'0' goes '7'	13:'X' goes '1'	14:'0' goes '1'	15:'X' goes '1'	16:'0' goes '7'	17:'X' goes '7'	18:'0' goes '1'	19:'X' goes '7'	20:'0' goes '7'	21:'X' goes '7'	22:'0' goes '1'	23:'X' goes '7'	24:'0' goes '7'	25:'X' goes '6'	26:'0' goes '6'	27:'X' goes '6'	28:'0' goes '4'	29:'X' goes '6'	30:'0' goes '6'	31:'X' goes '8'	32:'0' goes '8'	33:'X' goes '8'	34:'0' goes '8'	35:'X' goes '6'	36:'0' goes '8'	37:'X' goes '8'	38:'0' goes '4'	39:'X' goes '4'	40:'0' goes '4'	41:'X' goes '6'	42:'0' goes '5'	43:'X' goes '5'	44:'0' goes '5'	
 1 2 3 4 5 6 7 8
|0| |X| | | |0| |
|0| |X| | |X|X| |
|X| |0| | |X|X|X|
|0| |X| | |0|0|0|
|X| |0|0| |X|X|0|
|X| |X|X|0|X|X|X|
|0| |0|0|X|0|0|0|
|0| |X|0|0|X|0|X|
Game is over, stars are gone.
Exit from debug mode ...
1:'X' goes '7'	2:'0' goes '7'	3:'X' goes '7'	4:'0' goes '7'	5:'X' goes '8'	6:'0' goes '6'	7:'X' goes '8'	8:'0' goes '8'	9:'X' goes '8'	10:'0' goes '6'	11:'X' goes '6'	12:'0' goes '6'	13:'X' goes '6'	14:'0' goes '7'	15:'X' goes '7'	16:'0' goes '6'	17:'X' goes '7'	18:'0' goes '7'	19:'X' goes '8'	20:'0' goes '8'	21:'X' goes '6'	22:'0' goes '8'	23:'X' goes '8'	24:'0' goes '6'	25:'X' goes '1'	26:'0' goes '1'	27:'X' goes '1'	28:'0' goes '1'	29:'X' goes '1'	30:'0' goes '5'	31:'X' goes '4'	32:'0' goes '5'	33:'X' goes '4'	34:'0' goes '5'	
 1 2 3 4 5 6 7 8
|+|+|+|+| |0|0|X|
| |+|+|+| |X|X|0|
| | |+|+| |0|X|0|
|X| |+| | |X|0|X|
|0| | | | |0|0|X|
|X| | | |0|X|X|0|
|0| | |X|0|0|0|X|
|X| | |X|0|0|X|X|
Game is over, stars are gone.
Exit from debug mode ...
1:'X' goes '1'	2:'0' goes '1'	3:'X' goes '2'	4:'0' goes '3'	5:'X' goes '2'	6:'0' goes '2'	7:'X' goes '7'	8:'0' goes '7'	9:'X' goes '7'	10:'0' goes '7'	11:'X' goes '2'	12:'0' goes '3'	13:'X' goes '3'	14:'0' goes '1'	15:'X' goes '1'	16:'0' goes '3'	17:'X' goes '1'	18:'0' goes '1'	19:'X' goes '2'	20:'0' goes '2'	21:'X' goes '3'	22:'0' goes '3'	23:'X' goes '4'	24:'0' goes '4'	25:'X' goes '4'	26:'0' goes '4'	27:'X' goes '4'	
 1 2 3 4 5 6 7 8
| | | |+|+|+|+|+|
| | | | | |+|+|+|
|0|0|0| | |+| |+|
|X|X|X|X| | | | |
|X|X|0|0| | |0| |
|0|0|X|X| | |X| |
|0|X|0|0| | |0| |
|X|X|0|X| | |X| |
Game is over, stars are gone.
Exit from debug mode ...
1:'X' goes '7'	2:'0' goes '7'	3:'X' goes '3'	4:'0' goes '7'	5:'X' goes '7'	6:'0' goes '3'	7:'X' goes '7'	8:'0' goes '7'	9:'X' goes '3'	10:'0' goes '7'	11:'X' goes '3'	12:'0' goes '3'	13:'X' goes '7'	14:'0' goes '3'	15:'X' goes '3'	16:'0' goes '3'	17:'X' goes '4'	18:'0' goes '5'	19:'X' goes '2'	20:'0' goes '1'	21:'X' goes '4'	22:'0' goes '4'	23:'X' goes '2'	24:'0' goes '2'	25:'X' goes '4'	26:'0' goes '2'	27:'X' goes '2'	28:'0' goes '5'	29:'X' goes '5'	30:'0' goes '1'	31:'X' goes '5'	32:'0' goes '5'	33:'X' goes '1'	34:'0' goes '4'	35:'X' goes '4'	36:'0' goes '5'	37:'X' goes '5'	38:'0' goes '4'	39:'X' goes '5'	40:'0' goes '4'	41:'X' goes '1'	42:'0' goes '1'	43:'X' goes '2'	44:'0' goes '2'	45:'X' goes '2'	46:'0' goes '1'	47:'X' goes '8'	48:'0' goes '8'	49:'X' goes '8'	50:'0' goes '8'	51:'X' goes '8'	52:'0' goes '8'	53:'X' goes '8'	54:'0' goes '8'	55:'X' goes '1'	56:'0' goes '1'	
 1 2 3 4 5 6 7 8
|0|X|0|0|X| |X|0|
|X|0|X|0|X| |0|X|
|0|X|0|X|0| |0|0|
|0|X|0|0|0| |X|X|
|X|0|X|X|X| |X|0|
|X|0|X|0|X| |0|X|
|0|X|0|X|0| |0|0|
|0|X|X|X|0| |X|X|
Game is over, stars are gone.
Exit from debug mode ...
1:'X' goes '2'	2:'0' goes '2'	3:'X' goes '2'	4:'0' goes '8'	5:'X' goes '2'	6:'0' goes '2'	7:'X' goes '3'	8:'0' goes '4'	9:'X' goes '3'	10:'0' goes '3'	11:'X' goes '1'	12:'0' goes '4'	13:'X' goes '4'	14:'0' goes '4'	15:'X' goes '1'	16:'0' goes '1'	17:'X' goes '3'	18:'0' goes '4'	19:'X' goes '4'	20:'0' goes '3'	21:'X' goes '2'	22:'0' goes '3'	23:'X' goes '4'	24:'0' goes '3'	25:'X' goes '3'	26:'0' goes '2'	27:'X' goes '4'	28:'0' goes '2'	29:'X' goes '8'	30:'0' goes '5'	31:'X' goes '5'	32:'0' goes '6'	33:'X' goes '7'	34:'0' goes '6'	35:'X' goes '5'	36:'0' goes '5'	
 1 2 3 4 5 6 7 8
| |0|X|X| |+|+|+|
| |0|0|X| |+|+|+|
| |X|0|X| | |+|+|
| |0|0|0| | |+|+|
| |X|X|0|0| | | |
|0|X|0|X|X| | | |
|X|0|X|0|X|0| |X|
|X|X|X|0|0|0|X|0|
Game is over, stars are gone.
Exit from debug mode ...

Tested for		100 rounds
Error occurred		0 times

Player 0 goes first
Player X win:		47 times
Player 0 win:		52 times
Over.

real    14m36.247s
user    14m35.512s
sys     0m0.023s